Archive member included to satisfy reference by file (symbol)

c:/st/stm32cubeide_1.7.0/stm32cubeide/plugins/com.st.stm32cube.ide.mcu.externaltools.gnu-tools-for-stm32.9-2020-q2-update.win32_2.0.0.202105311346/tools/bin/../lib/gcc/arm-none-eabi/9.3.1/../../../../arm-none-eabi/lib/thumb/v7e-m+dp/hard\libc_nano.a(lib_a-errno.o)
                              ./Core/Src/syscalls.o (__errno)
c:/st/stm32cubeide_1.7.0/stm32cubeide/plugins/com.st.stm32cube.ide.mcu.externaltools.gnu-tools-for-stm32.9-2020-q2-update.win32_2.0.0.202105311346/tools/bin/../lib/gcc/arm-none-eabi/9.3.1/../../../../arm-none-eabi/lib/thumb/v7e-m+dp/hard\libc_nano.a(lib_a-exit.o)
                              c:/st/stm32cubeide_1.7.0/stm32cubeide/plugins/com.st.stm32cube.ide.mcu.externaltools.gnu-tools-for-stm32.9-2020-q2-update.win32_2.0.0.202105311346/tools/bin/../lib/gcc/arm-none-eabi/9.3.1/../../../../arm-none-eabi/lib/thumb/v7e-m+dp/hard/crt0.o (exit)
c:/st/stm32cubeide_1.7.0/stm32cubeide/plugins/com.st.stm32cube.ide.mcu.externaltools.gnu-tools-for-stm32.9-2020-q2-update.win32_2.0.0.202105311346/tools/bin/../lib/gcc/arm-none-eabi/9.3.1/../../../../arm-none-eabi/lib/thumb/v7e-m+dp/hard\libc_nano.a(lib_a-impure.o)
                              c:/st/stm32cubeide_1.7.0/stm32cubeide/plugins/com.st.stm32cube.ide.mcu.externaltools.gnu-tools-for-stm32.9-2020-q2-update.win32_2.0.0.202105311346/tools/bin/../lib/gcc/arm-none-eabi/9.3.1/../../../../arm-none-eabi/lib/thumb/v7e-m+dp/hard\libc_nano.a(lib_a-exit.o) (_global_impure_ptr)
c:/st/stm32cubeide_1.7.0/stm32cubeide/plugins/com.st.stm32cube.ide.mcu.externaltools.gnu-tools-for-stm32.9-2020-q2-update.win32_2.0.0.202105311346/tools/bin/../lib/gcc/arm-none-eabi/9.3.1/../../../../arm-none-eabi/lib/thumb/v7e-m+dp/hard\libc_nano.a(lib_a-init.o)
                              c:/st/stm32cubeide_1.7.0/stm32cubeide/plugins/com.st.stm32cube.ide.mcu.externaltools.gnu-tools-for-stm32.9-2020-q2-update.win32_2.0.0.202105311346/tools/bin/../lib/gcc/arm-none-eabi/9.3.1/../../../../arm-none-eabi/lib/thumb/v7e-m+dp/hard/crt0.o (__libc_init_array)
c:/st/stm32cubeide_1.7.0/stm32cubeide/plugins/com.st.stm32cube.ide.mcu.externaltools.gnu-tools-for-stm32.9-2020-q2-update.win32_2.0.0.202105311346/tools/bin/../lib/gcc/arm-none-eabi/9.3.1/../../../../arm-none-eabi/lib/thumb/v7e-m+dp/hard\libc_nano.a(lib_a-memcpy-stub.o)
                              ./Middlewares/Third_Party/FreeRTOS/Source/queue.o (memcpy)
c:/st/stm32cubeide_1.7.0/stm32cubeide/plugins/com.st.stm32cube.ide.mcu.externaltools.gnu-tools-for-stm32.9-2020-q2-update.win32_2.0.0.202105311346/tools/bin/../lib/gcc/arm-none-eabi/9.3.1/../../../../arm-none-eabi/lib/thumb/v7e-m+dp/hard\libc_nano.a(lib_a-memset.o)
                              c:/st/stm32cubeide_1.7.0/stm32cubeide/plugins/com.st.stm32cube.ide.mcu.externaltools.gnu-tools-for-stm32.9-2020-q2-update.win32_2.0.0.202105311346/tools/bin/../lib/gcc/arm-none-eabi/9.3.1/../../../../arm-none-eabi/lib/thumb/v7e-m+dp/hard/crt0.o (memset)
c:/st/stm32cubeide_1.7.0/stm32cubeide/plugins/com.st.stm32cube.ide.mcu.externaltools.gnu-tools-for-stm32.9-2020-q2-update.win32_2.0.0.202105311346/tools/bin/../lib/gcc/arm-none-eabi/9.3.1/../../../../arm-none-eabi/lib/thumb/v7e-m+dp/hard\libc_nano.a(lib_a-sprintf.o)
                              ./Core/Src/main.o (sprintf)
c:/st/stm32cubeide_1.7.0/stm32cubeide/plugins/com.st.stm32cube.ide.mcu.externaltools.gnu-tools-for-stm32.9-2020-q2-update.win32_2.0.0.202105311346/tools/bin/../lib/gcc/arm-none-eabi/9.3.1/../../../../arm-none-eabi/lib/thumb/v7e-m+dp/hard\libc_nano.a(lib_a-nano-svfprintf.o)
                              c:/st/stm32cubeide_1.7.0/stm32cubeide/plugins/com.st.stm32cube.ide.mcu.externaltools.gnu-tools-for-stm32.9-2020-q2-update.win32_2.0.0.202105311346/tools/bin/../lib/gcc/arm-none-eabi/9.3.1/../../../../arm-none-eabi/lib/thumb/v7e-m+dp/hard\libc_nano.a(lib_a-sprintf.o) (_svfprintf_r)
c:/st/stm32cubeide_1.7.0/stm32cubeide/plugins/com.st.stm32cube.ide.mcu.externaltools.gnu-tools-for-stm32.9-2020-q2-update.win32_2.0.0.202105311346/tools/bin/../lib/gcc/arm-none-eabi/9.3.1/../../../../arm-none-eabi/lib/thumb/v7e-m+dp/hard\libc_nano.a(lib_a-nano-vfprintf_i.o)
                              c:/st/stm32cubeide_1.7.0/stm32cubeide/plugins/com.st.stm32cube.ide.mcu.externaltools.gnu-tools-for-stm32.9-2020-q2-update.win32_2.0.0.202105311346/tools/bin/../lib/gcc/arm-none-eabi/9.3.1/../../../../arm-none-eabi/lib/thumb/v7e-m+dp/hard\libc_nano.a(lib_a-nano-svfprintf.o) (_printf_i)
c:/st/stm32cubeide_1.7.0/stm32cubeide/plugins/com.st.stm32cube.ide.mcu.externaltools.gnu-tools-for-stm32.9-2020-q2-update.win32_2.0.0.202105311346/tools/bin/../lib/gcc/arm-none-eabi/9.3.1/../../../../arm-none-eabi/lib/thumb/v7e-m+dp/hard\libc_nano.a(lib_a-memchr.o)
[...]
Memory Configuration

Name             Origin             Length             Attributes
RAM              0x0000000020000000 0x0000000000080000 xrw
FLASH            0x0000000008000000 0x0000000000200000 xr
*default*        0x0000000000000000 0xffffffffffffffff

Linker script and memory map

LOAD c:/st/stm32cubeide_1.7.0/stm32cubeide/plugins/com.st.stm32cube.ide.mcu.externaltools.gnu-tools-for-stm32.9-2020-q2-update.win32_2.0.0.202105311346/tools/bin/../lib/gcc/arm-none-eabi/9.3.1/thumb/v7e-m+dp/hard/crti.o
LOAD c:/st/stm32cubeide_1.7.0/stm32cubeide/plugins/com.st.stm32cube.ide.mcu.externaltools.gnu-tools-for-stm32.9-2020-q2-update.win32_2.0.0.202105311346/tools/bin/../lib/gcc/arm-none-eabi/9.3.1/thumb/v7e-m+dp/hard/crtbegin.o
LOAD c:/st/stm32cubeide_1.7.0/stm32cubeide/plugins/com.st.stm32cube.ide.mcu.externaltools.gnu-tools-for-stm32.9-2020-q2-update.win32_2.0.0.202105311346/tools/bin/../lib/gcc/arm-none-eabi/9.3.1/../../../../arm-none-eabi/lib/thumb/v7e-m+dp/hard/crt0.o
LOAD ./Core/Src/freertos.o
LOAD ./Core/Src/gpio.o
LOAD ./Core/Src/i2c-lcd.o
LOAD ./Core/Src/i2c.o
LOAD ./Core/Src/main.o
LOAD ./Core/Src/stm32f7xx_hal_msp.o
LOAD ./Core/Src/stm32f7xx_it.o
LOAD ./Core/Src/syscalls.o
LOAD ./Core/Src/sysmem.o
LOAD ./Core/Src/system_stm32f7xx.o
LOAD ./Core/Src/tim.o
LOAD ./Core/Src/usart.o
LOAD ./Core/Startup/startup_stm32f767zitx.o
LOAD ./Drivers/STM32F7xx_HAL_Driver/Src/stm32f7xx_hal.o
LOAD ./Drivers/STM32F7xx_HAL_Driver/Src/stm32f7xx_hal_cortex.o
LOAD ./Drivers/STM32F7xx_HAL_Driver/Src/stm32f7xx_hal_dma.o
LOAD ./Drivers/STM32F7xx_HAL_Driver/Src/stm32f7xx_hal_dma_ex.o
LOAD ./Drivers/STM32F7xx_HAL_Driver/Src/stm32f7xx_hal_exti.o
LOAD ./Drivers/STM32F7xx_HAL_Driver/Src/stm32f7xx_hal_flash.o
LOAD ./Drivers/STM32F7xx_HAL_Driver/Src/stm32f7xx_hal_flash_ex.o
LOAD ./Drivers/STM32F7xx_HAL_Driver/Src/stm32f7xx_hal_gpio.o
LOAD ./Drivers/STM32F7xx_HAL_Driver/Src/stm32f7xx_hal_i2c.o
LOAD ./Drivers/STM32F7xx_HAL_Driver/Src/stm32f7xx_hal_i2c_ex.o
LOAD ./Drivers/STM32F7xx_HAL_Driver/Src/stm32f7xx_hal_pwr.o
LOAD ./Drivers/STM32F7xx_HAL_Driver/Src/stm32f7xx_hal_pwr_ex.o
LOAD ./Drivers/STM32F7xx_HAL_Driver/Src/stm32f7xx_hal_rcc.o
LOAD ./Drivers/STM32F7xx_HAL_Driver/Src/stm32f7xx_hal_rcc_ex.o
LOAD ./Drivers/STM32F7xx_HAL_Driver/Src/stm32f7xx_hal_tim.o
LOAD ./Drivers/STM32F7xx_HAL_Driver/Src/stm32f7xx_hal_tim_ex.o
LOAD ./Drivers/STM32F7xx_HAL_Driver/Src/stm32f7xx_hal_uart.o
LOAD ./Drivers/STM32F7xx_HAL_Driver/Src/stm32f7xx_hal_uart_ex.o
LOAD ./Drivers/STM32F7xx_HAL_Driver/Src/stm32f7xx_ll_dma.o
LOAD ./Drivers/STM32F7xx_HAL_Driver/Src/stm32f7xx_ll_exti.o
LOAD ./Drivers/STM32F7xx_HAL_Driver/Src/stm32f7xx_ll_gpio.o
LOAD ./Drivers/STM32F7xx_HAL_Driver/Src/stm32f7xx_ll_i2c.o
LOAD ./Drivers/STM32F7xx_HAL_Driver/Src/stm32f7xx_ll_rcc.o
LOAD ./Drivers/STM32F7xx_HAL_Driver/Src/stm32f7xx_ll_tim.o
LOAD ./Drivers/STM32F7xx_HAL_Driver/Src/stm32f7xx_ll_usart.o
LOAD ./Drivers/STM32F7xx_HAL_Driver/Src/stm32f7xx_ll_utils.o
LOAD ./Middlewares/Third_Party/FreeRTOS/Source/CMSIS_RTOS/cmsis_os.o
LOAD ./Middlewares/Third_Party/FreeRTOS/Source/croutine.o
LOAD ./Middlewares/Third_Party/FreeRTOS/Source/event_groups.o
LOAD ./Middlewares/Third_Party/FreeRTOS/Source/list.o
LOAD ./Middlewares/Third_Party/FreeRTOS/Source/queue.o
LOAD ./Middlewares/Third_Party/FreeRTOS/Source/stream_buffer.o
LOAD ./Middlewares/Third_Party/FreeRTOS/Source/tasks.o
LOAD ./Middlewares/Third_Party/FreeRTOS/Source/timers.o
LOAD ./Middlewares/Third_Party/FreeRTOS/Source/portable/GCC/ARM_CM7/r0p1/port.o
LOAD ./Middlewares/Third_Party/FreeRTOS/Source/portable/MemMang/heap_4.o
START GROUP
LOAD c:/st/stm32cubeide_1.7.0/stm32cubeide/plugins/com.st.stm32cube.ide.mcu.externaltools.gnu-tools-for-stm32.9-2020-q2-update.win32_2.0.0.202105311346/tools/bin/../lib/gcc/arm-none-eabi/9.3.1/../../../../arm-none-eabi/lib/thumb/v7e-m+dp/hard\libc_nano.a
LOAD c:/st/stm32cubeide_1.7.0/stm32cubeide/plugins/com.st.stm32cube.ide.mcu.externaltools.gnu-tools-for-stm32.9-2020-q2-update.win32_2.0.0.202105311346/tools/bin/../lib/gcc/arm-none-eabi/9.3.1/../../../../arm-none-eabi/lib/thumb/v7e-m+dp/hard\libm.a
END GROUP
START GROUP
LOAD c:/st/stm32cubeide_1.7.0/stm32cubeide/plugins/com.st.stm32cube.ide.mcu.externaltools.gnu-tools-for-stm32.9-2020-q2-update.win32_2.0.0.202105311346/tools/bin/../lib/gcc/arm-none-eabi/9.3.1/thumb/v7e-m+dp/hard\libgcc.a
LOAD c:/st/stm32cubeide_1.7.0/stm32cubeide/plugins/com.st.stm32cube.ide.mcu.externaltools.gnu-tools-for-stm32.9-2020-q2-update.win32_2.0.0.202105311346/tools/bin/../lib/gcc/arm-none-eabi/9.3.1/../../../../arm-none-eabi/lib/thumb/v7e-m+dp/hard\libc_nano.a
END GROUP
START GROUP
LOAD c:/st/stm32cubeide_1.7.0/stm32cubeide/plugins/com.st.stm32cube.ide.mcu.externaltools.gnu-tools-for-stm32.9-2020-q2-update.win32_2.0.0.202105311346/tools/bin/../lib/gcc/arm-none-eabi/9.3.1/thumb/v7e-m+dp/hard\libgcc.a
LOAD c:/st/stm32cubeide_1.7.0/stm32cubeide/plugins/com.st.stm32cube.ide.mcu.externaltools.gnu-tools-for-stm32.9-2020-q2-update.win32_2.0.0.202105311346/tools/bin/../lib/gcc/arm-none-eabi/9.3.1/../../../../arm-none-eabi/lib/thumb/v7e-m+dp/hard\libc_nano.a
LOAD c:/st/stm32cubeide_1.7.0/stm32cubeide/plugins/com.st.stm32cube.ide.mcu.externaltools.gnu-tools-for-stm32.9-2020-q2-update.win32_2.0.0.202105311346/tools/bin/../lib/gcc/arm-none-eabi/9.3.1/../../../../arm-none-eabi/lib/thumb/v7e-m+dp/hard\libnosys.a
END GROUP
START GROUP
LOAD c:/st/stm32cubeide_1.7.0/stm32cubeide/plugins/com.st.stm32cube.ide.mcu.externaltools.gnu-tools-for-stm32.9-2020-q2-update.win32_2.0.0.202105311346/tools/bin/../lib/gcc/arm-none-eabi/9.3.1/thumb/v7e-m+dp/hard\libgcc.a
LOAD c:/st/stm32cubeide_1.7.0/stm32cubeide/plugins/com.st.stm32cube.ide.mcu.externaltools.gnu-tools-for-stm32.9-2020-q2-update.win32_2.0.0.202105311346/tools/bin/../lib/gcc/arm-none-eabi/9.3.1/../../../../arm-none-eabi/lib/thumb/v7e-m+dp/hard\libc_nano.a
LOAD c:/st/stm32cubeide_1.7.0/stm32cubeide/plugins/com.st.stm32cube.ide.mcu.externaltools.gnu-tools-for-stm32.9-2020-q2-update.win32_2.0.0.202105311346/tools/bin/../lib/gcc/arm-none-eabi/9.3.1/../../../../arm-none-eabi/lib/thumb/v7e-m+dp/hard\libnosys.a
END GROUP
LOAD c:/st/stm32cubeide_1.7.0/stm32cubeide/plugins/com.st.stm32cube.ide.mcu.externaltools.gnu-tools-for-stm32.9-2020-q2-update.win32_2.0.0.202105311346/tools/bin/../lib/gcc/arm-none-eabi/9.3.1/thumb/v7e-m+dp/hard/crtend.o
LOAD c:/st/stm32cubeide_1.7.0/stm32cubeide/plugins/com.st.stm32cube.ide.mcu.externaltools.gnu-tools-for-stm32.9-2020-q2-update.win32_2.0.0.202105311346/tools/bin/../lib/gcc/arm-none-eabi/9.3.1/thumb/v7e-m+dp/hard/crtn.o
                0x0000000020080000                _estack = (ORIGIN (RAM) + LENGTH (RAM))
                0x0000000000000200                _Min_Heap_Size = 0x200
                0x0000000000000400                _Min_Stack_Size = 0x400

.isr_vector     0x0000000008000000      0x1f8
                0x0000000008000000                . = ALIGN (0x4)
 *(.isr_vector)
 .isr_vector    0x0000000008000000      0x1f8 ./Core/Startup/startup_stm32f767zitx.o
                0x0000000008000000                g_pfnVectors
                0x00000000080001f8                . = ALIGN (0x4)

.text           0x0000000008000200     0x72a0
                0x0000000008000200                . = ALIGN (0x4)
 *(.text)
 .text          0x0000000008000200       0x40 c:/st/stm32cubeide_1.7.0/stm32cubeide/plugins/com.st.stm32cube.ide.mcu.externaltools.gnu-tools-for-stm32.9-2020-q2-update.win32_2.0.0.202105311346/tools/bin/../lib/gcc/arm-none-eabi/9.3.1/thumb/v7e-m+dp/hard/crtbegin.o
 .text          0x0000000008000240       0xa0 c:/st/stm32cubeide_1.7.0/stm32cubeide/plugins/com.st.stm32cube.ide.mcu.externaltools.gnu-tools-for-stm32.9-2020-q2-update.win32_2.0.0.202105311346/tools/bin/../lib/gcc/arm-none-eabi/9.3.1/../../../../arm-none-eabi/lib/thumb/v7e-m+dp/hard\libc_nano.a(lib_a-memchr.o)
                0x0000000008000240                memchr
 .text          0x00000000080002e0       0x30 c:/st/stm32cubeide_1.7.0/stm32cubeide/plugins/com.st.stm32cube.ide.mcu.externaltools.gnu-tools-for-stm32.9-2020-q2-update.win32_2.0.0.202105311346/tools/bin/../lib/gcc/arm-none-eabi/9.3.1/thumb/v7e-m+dp/hard\libgcc.a(_aeabi_uldivmod.o)
                0x00000000080002e0                __aeabi_uldivmod
 .text          0x0000000008000310      0x2c4 c:/st/stm32cubeide_1.7.0/stm32cubeide/plugins/com.st.stm32cube.ide.mcu.externaltools.gnu-tools-for-stm32.9-2020-q2-update.win32_2.0.0.202105311346/tools/bin/../lib/gcc/arm-none-eabi/9.3.1/thumb/v7e-m+dp/hard\libgcc.a(_udivmoddi4.o)
                0x0000000008000310                __udivmoddi4
 .text          0x00000000080005d4        0x4 c:/st/stm32cubeide_1.7.0/stm32cubeide/plugins/com.st.stm32cube.ide.mcu.externaltools.gnu-tools-for-stm32.9-2020-q2-update.win32_2.0.0.202105311346/tools/bin/../lib/gcc/arm-none-eabi/9.3.1/thumb/v7e-m+dp/hard\libgcc.a(_dvmd_tls.o)
                0x00000000080005d4                __aeabi_idiv0
                0x00000000080005d4                __aeabi_ldiv0
 *(.text*)
 .text.MX_FREERTOS_Init
                0x00000000080005d8       0x38 ./Core/Src/freertos.o
                0x00000000080005d8                MX_FREERTOS_Init
 .text.StartDefaultTask
                0x0000000008000610       0x10 ./Core/Src/freertos.o
                0x0000000008000610                StartDefaultTask
 .text.LL_AHB1_GRP1_EnableClock
                0x0000000008000620       0x30 ./Core/Src/gpio.o
 .text.LL_GPIO_ResetOutputPin
                0x0000000008000650       0x1e ./Core/Src/gpio.o
 *fill*         0x000000000800066e        0x2 
 .text.MX_GPIO_Init
                0x0000000008000670      0x150 ./Core/Src/gpio.o
                0x0000000008000670                MX_GPIO_Init
 .text.LL_I2C_IsActiveFlag_TXIS
                0x00000000080007c0       0x26 ./Core/Src/i2c-lcd.o
 *fill*         0x00000000080007e6        0x2 
 .text.LL_I2C_HandleTransfer
                0x00000000080007e8       0x4c ./Core/Src/i2c-lcd.o
 .text.LL_I2C_TransmitData8
                0x0000000008000834       0x1e ./Core/Src/i2c-lcd.o
 *fill*         0x0000000008000852        0x2 
 .text.lcd_send_cmd
                0x0000000008000854       0x9c ./Core/Src/i2c-lcd.o
                0x0000000008000854                lcd_send_cmd
 .text.lcd_send_data
                0x00000000080008f0       0x9c ./Core/Src/i2c-lcd.o
                0x00000000080008f0                lcd_send_data
 .text.lcd_init
                0x000000000800098c       0x7a ./Core/Src/i2c-lcd.o
                0x000000000800098c                lcd_init
 .text.lcd_send_string
                0x0000000008000a06       0x2a ./Core/Src/i2c-lcd.o
                0x0000000008000a06                lcd_send_string
 .text.LL_I2C_EnableClockStretching
                0x0000000008000a30       0x20 ./Core/Src/i2c.o
 .text.LL_I2C_DisableGeneralCall
                0x0000000008000a50       0x20 ./Core/Src/i2c.o
 .text.LL_I2C_SetOwnAddress2
                0x0000000008000a70       0x30 ./Core/Src/i2c.o
 .text.LL_I2C_DisableOwnAddress2
                0x0000000008000aa0       0x20 ./Core/Src/i2c.o
 .text.LL_I2C_EnableAutoEndMode
                0x0000000008000ac0       0x20 ./Core/Src/i2c.o
 .text.LL_AHB1_GRP1_EnableClock
                0x0000000008000ae0       0x30 ./Core/Src/i2c.o
 .text.LL_APB1_GRP1_EnableClock
                0x0000000008000b10       0x30 ./Core/Src/i2c.o
 .text.MX_I2C1_Init
                0x0000000008000b40       0xe0 ./Core/Src/i2c.o
                0x0000000008000b40                MX_I2C1_Init
 .text.MX_I2C2_Init
                0x0000000008000c20       0xe0 ./Core/Src/i2c.o
                0x0000000008000c20                MX_I2C2_Init
 .text.__NVIC_DisableIRQ
                0x0000000008000d00       0x48 ./Core/Src/main.o
 .text.__NVIC_SetPriority
                0x0000000008000d48       0x54 ./Core/Src/main.o
 .text.LL_I2C_IsActiveFlag_TXE
                0x0000000008000d9c       0x26 ./Core/Src/main.o
 .text.LL_I2C_IsActiveFlag_TXIS
                0x0000000008000dc2       0x26 ./Core/Src/main.o
 .text.LL_I2C_IsActiveFlag_RXNE
                0x0000000008000de8       0x26 ./Core/Src/main.o
 *fill*         0x0000000008000e0e        0x2 
 .text.LL_I2C_HandleTransfer
                0x0000000008000e10       0x4c ./Core/Src/main.o
 .text.LL_I2C_ReceiveData8
                0x0000000008000e5c       0x1a ./Core/Src/main.o
 .text.LL_I2C_TransmitData8
                0x0000000008000e76       0x1e ./Core/Src/main.o
 .text.LL_RCC_HSI_Enable
                0x0000000008000e94       0x20 ./Core/Src/main.o
 .text.LL_RCC_HSI_IsReady
                0x0000000008000eb4       0x24 ./Core/Src/main.o
 .text.LL_RCC_HSI_SetCalibTrimming
                0x0000000008000ed8       0x2c ./Core/Src/main.o
 .text.LL_RCC_SetSysClkSource
                0x0000000008000f04       0x28 ./Core/Src/main.o
 .text.LL_RCC_GetSysClkSource
                0x0000000008000f2c       0x1c ./Core/Src/main.o
 .text.LL_RCC_SetAHBPrescaler
                0x0000000008000f48       0x28 ./Core/Src/main.o
 .text.LL_RCC_SetAPB1Prescaler
                0x0000000008000f70       0x28 ./Core/Src/main.o
 .text.LL_RCC_SetAPB2Prescaler
                0x0000000008000f98       0x28 ./Core/Src/main.o
 .text.LL_RCC_SetUSARTClockSource
                0x0000000008000fc0       0x34 ./Core/Src/main.o
 .text.LL_RCC_SetI2CClockSource
                0x0000000008000ff4       0x38 ./Core/Src/main.o
 .text.LL_AHB1_GRP1_EnableClock
                0x000000000800102c       0x30 ./Core/Src/main.o
 .text.LL_APB1_GRP1_EnableClock
                0x000000000800105c       0x30 ./Core/Src/main.o
 .text.LL_FLASH_SetLatency
                0x000000000800108c       0x28 ./Core/Src/main.o
 .text.LL_FLASH_GetLatency
                0x00000000080010b4       0x1c ./Core/Src/main.o
 .text.LL_PWR_DisableOverDriveMode
                0x00000000080010d0       0x20 ./Core/Src/main.o
 .text.LL_PWR_SetRegulVoltageScaling
                0x00000000080010f0       0x28 ./Core/Src/main.o
 .text.LL_TIM_EnableCounter
                0x0000000008001118       0x20 ./Core/Src/main.o
 .text.LL_TIM_SetCounterMode
                0x0000000008001138       0x26 ./Core/Src/main.o
 .text.LL_TIM_EnableARRPreload
                0x000000000800115e       0x20 ./Core/Src/main.o
 .text.LL_TIM_SetPrescaler
                0x000000000800117e       0x1c ./Core/Src/main.o
 .text.LL_TIM_GetPrescaler
                0x000000000800119a       0x18 ./Core/Src/main.o
 .text.LL_TIM_SetAutoReload
                0x00000000080011b2       0x1c ./Core/Src/main.o
 .text.LL_TIM_GetAutoReload
                0x00000000080011ce       0x18 ./Core/Src/main.o
 .text.LL_TIM_CC_EnableChannel
                0x00000000080011e6       0x22 ./Core/Src/main.o
 .text.LL_TIM_OC_SetMode
                0x0000000008001208       0xb8 ./Core/Src/main.o
 .text.LL_TIM_OC_SetPolarity
                0x00000000080012c0       0xa0 ./Core/Src/main.o
 .text.LL_TIM_OC_EnablePreload
                0x0000000008001360       0xa0 ./Core/Src/main.o
 .text.LL_TIM_OC_SetCompareCH1
                0x0000000008001400       0x1c ./Core/Src/main.o
 .text.LL_TIM_OC_SetCompareCH2
                0x000000000800141c       0x1c ./Core/Src/main.o
 .text.LL_TIM_OC_SetCompareCH3
                0x0000000008001438       0x1c ./Core/Src/main.o
 .text.LL_TIM_OC_SetCompareCH4
                0x0000000008001454       0x1c ./Core/Src/main.o
 .text.LL_TIM_EnableIT_CC1
                0x0000000008001470       0x20 ./Core/Src/main.o
 .text.LL_TIM_EnableIT_CC2
                0x0000000008001490       0x20 ./Core/Src/main.o
 .text.LL_TIM_EnableIT_CC3
                0x00000000080014b0       0x20 ./Core/Src/main.o
 .text.LL_TIM_EnableIT_CC4
                0x00000000080014d0       0x20 ./Core/Src/main.o
 .text.LL_TIM_GenerateEvent_UPDATE
                0x00000000080014f0       0x20 ./Core/Src/main.o
 .text.LL_USART_IsActiveFlag_RXNE
                0x0000000008001510       0x26 ./Core/Src/main.o
 .text.LL_USART_IsActiveFlag_TXE
                0x0000000008001536       0x26 ./Core/Src/main.o
 .text.LL_USART_ReceiveData8
                0x000000000800155c       0x1a ./Core/Src/main.o
 .text.LL_USART_TransmitData8
                0x0000000008001576       0x1e ./Core/Src/main.o
 .text.LL_GPIO_SetOutputPin
                0x0000000008001594       0x1c ./Core/Src/main.o
 .text.LL_GPIO_ResetOutputPin
                0x00000000080015b0       0x1e ./Core/Src/main.o
 .text.LL_GPIO_TogglePin
                0x00000000080015ce       0x32 ./Core/Src/main.o
 .text.main     0x0000000008001600       0xfc ./Core/Src/main.o
                0x0000000008001600                main
 .text.SystemClock_Config
                0x00000000080016fc       0x9c ./Core/Src/main.o
                0x00000000080016fc                SystemClock_Config
 .text.Configure_TIMPWMOutput
                0x0000000008001798      0x230 ./Core/Src/main.o
 .text.Roll_Task
                0x00000000080019c8      0x3b4 ./Core/Src/main.o
                0x00000000080019c8                Roll_Task
 .text.Uart_Rx_Task
                0x0000000008001d7c       0x70 ./Core/Src/main.o
                0x0000000008001d7c                Uart_Rx_Task
 .text.ADXL_Task
                0x0000000008001dec      0x318 ./Core/Src/main.o
                0x0000000008001dec                ADXL_Task
 .text.readReg  0x0000000008002104       0x80 ./Core/Src/main.o
                0x0000000008002104                readReg
 .text.writeReg
                0x0000000008002184       0x74 ./Core/Src/main.o
                0x0000000008002184                writeReg
 .text.Usart3_Send
                0x00000000080021f8       0x40 ./Core/Src/main.o
                0x00000000080021f8                Usart3_Send
 .text.Error_Handler
                0x0000000008002238        0xa ./Core/Src/main.o
                0x0000000008002238                Error_Handler
 *fill*         0x0000000008002242        0x2 
 .text.HAL_MspInit
                0x0000000008002244       0x50 ./Core/Src/stm32f7xx_hal_msp.o
                0x0000000008002244                HAL_MspInit
 .text.NMI_Handler
                0x0000000008002294        0x6 ./Core/Src/stm32f7xx_it.o
                0x0000000008002294                NMI_Handler
 .text.HardFault_Handler
                0x000000000800229a        0x6 ./Core/Src/stm32f7xx_it.o
                0x000000000800229a                HardFault_Handler
 .text.MemManage_Handler
                0x00000000080022a0        0x6 ./Core/Src/stm32f7xx_it.o
                0x00000000080022a0                MemManage_Handler
 .text.BusFault_Handler
                0x00000000080022a6        0x6 ./Core/Src/stm32f7xx_it.o
                0x00000000080022a6                BusFault_Handler
 .text.UsageFault_Handler
                0x00000000080022ac        0x6 ./Core/Src/stm32f7xx_it.o
                0x00000000080022ac                UsageFault_Handler
 .text.DebugMon_Handler
                0x00000000080022b2        0xe ./Core/Src/stm32f7xx_it.o
                0x00000000080022b2                DebugMon_Handler
 .text.SysTick_Handler
                0x00000000080022c0       0x1a ./Core/Src/stm32f7xx_it.o
                0x00000000080022c0                SysTick_Handler
 *fill*         0x00000000080022da        0x2 
 .text._sbrk    0x00000000080022dc       0x6c ./Core/Src/sysmem.o
                0x00000000080022dc                _sbrk
 .text.SystemInit
                0x0000000008002348       0x24 ./Core/Src/system_stm32f7xx.o
                0x0000000008002348                SystemInit
 .text.LL_AHB1_GRP1_EnableClock
                0x000000000800236c       0x30 ./Core/Src/tim.o
 .text.LL_APB1_GRP1_EnableClock
                0x000000000800239c       0x30 ./Core/Src/tim.o
 .text.LL_TIM_DisableARRPreload
                0x00000000080023cc       0x20 ./Core/Src/tim.o
 .text.LL_TIM_OC_DisableFast
                0x00000000080023ec       0xa4 ./Core/Src/tim.o
 .text.LL_TIM_OC_EnablePreload
                0x0000000008002490       0xa0 ./Core/Src/tim.o
 .text.LL_TIM_SetTriggerOutput
                0x0000000008002530       0x26 ./Core/Src/tim.o
 .text.LL_TIM_DisableMasterSlaveMode
                0x0000000008002556       0x20 ./Core/Src/tim.o
 *fill*         0x0000000008002576        0x2 
 .text.MX_TIM4_Init
                0x0000000008002578      0x1ac ./Core/Src/tim.o
                0x0000000008002578                MX_TIM4_Init
 .text.LL_AHB1_GRP1_EnableClock
                0x0000000008002724       0x30 ./Core/Src/usart.o
 .text.LL_APB1_GRP1_EnableClock
                0x0000000008002754       0x30 ./Core/Src/usart.o
 .text.LL_USART_Enable
                0x0000000008002784       0x20 ./Core/Src/usart.o
 .text.LL_USART_ConfigAsyncMode
                0x00000000080027a4       0x2c ./Core/Src/usart.o
 .text.MX_USART3_UART_Init
                0x00000000080027d0       0xc8 ./Core/Src/usart.o
                0x00000000080027d0                MX_USART3_UART_Init
 .text.MX_USART6_UART_Init
                0x0000000008002898       0x60 ./Core/Src/usart.o
                0x0000000008002898                MX_USART6_UART_Init
 .text.HAL_UART_MspInit
                0x00000000080028f8       0x88 ./Core/Src/usart.o
                0x00000000080028f8                HAL_UART_MspInit
 .text.Reset_Handler
                0x0000000008002980       0x50 ./Core/Startup/startup_stm32f767zitx.o
                0x0000000008002980                Reset_Handler
 .text.Default_Handler
                0x00000000080029d0        0x2 ./Core/Startup/startup_stm32f767zitx.o
                0x00000000080029d0                RTC_Alarm_IRQHandler
                0x00000000080029d0                EXTI2_IRQHandler
                0x00000000080029d0                TIM8_CC_IRQHandler
                0x00000000080029d0                UART8_IRQHandler
                0x00000000080029d0                SPI4_IRQHandler
                0x00000000080029d0                TIM1_CC_IRQHandler
                0x00000000080029d0                DMA2_Stream5_IRQHandler
                0x00000000080029d0                JPEG_IRQHandler
                0x00000000080029d0                DMA1_Stream5_IRQHandler
                0x00000000080029d0                CAN3_RX1_IRQHandler
                0x00000000080029d0                PVD_IRQHandler
                0x00000000080029d0                TAMP_STAMP_IRQHandler
                0x00000000080029d0                CAN2_RX1_IRQHandler
                0x00000000080029d0                EXTI3_IRQHandler
                0x00000000080029d0                TIM8_TRG_COM_TIM14_IRQHandler
                0x00000000080029d0                DFSDM1_FLT1_IRQHandler
                0x00000000080029d0                TIM1_UP_TIM10_IRQHandler
                0x00000000080029d0                TIM8_UP_TIM13_IRQHandler
                0x00000000080029d0                I2C3_ER_IRQHandler
                0x00000000080029d0                DFSDM1_FLT2_IRQHandler
                0x00000000080029d0                EXTI0_IRQHandler
                0x00000000080029d0                I2C2_EV_IRQHandler
                0x00000000080029d0                DMA1_Stream2_IRQHandler
                0x00000000080029d0                CAN1_RX0_IRQHandler
                0x00000000080029d0                FPU_IRQHandler
                0x00000000080029d0                OTG_HS_WKUP_IRQHandler
                0x00000000080029d0                CAN3_SCE_IRQHandler
                0x00000000080029d0                LTDC_ER_IRQHandler
                0x00000000080029d0                CAN2_SCE_IRQHandler
                0x00000000080029d0                DMA2_Stream2_IRQHandler
                0x00000000080029d0                SPI1_IRQHandler
                0x00000000080029d0                TIM6_DAC_IRQHandler
                0x00000000080029d0                TIM1_BRK_TIM9_IRQHandler
                0x00000000080029d0                DCMI_IRQHandler
                0x00000000080029d0                CAN2_RX0_IRQHandler
                0x00000000080029d0                DMA2_Stream3_IRQHandler
                0x00000000080029d0                SAI2_IRQHandler
                0x00000000080029d0                DFSDM1_FLT3_IRQHandler
                0x00000000080029d0                USART6_IRQHandler
                0x00000000080029d0                CAN3_RX0_IRQHandler
                0x00000000080029d0                USART3_IRQHandler
                0x00000000080029d0                CAN1_RX1_IRQHandler
                0x00000000080029d0                UART5_IRQHandler
                0x00000000080029d0                DMA2_Stream0_IRQHandler
                0x00000000080029d0                TIM4_IRQHandler
                0x00000000080029d0                QUADSPI_IRQHandler
                0x00000000080029d0                I2C1_EV_IRQHandler
                0x00000000080029d0                DMA1_Stream6_IRQHandler
                0x00000000080029d0                DMA1_Stream1_IRQHandler
                0x00000000080029d0                UART4_IRQHandler
                0x00000000080029d0                TIM3_IRQHandler
                0x00000000080029d0                RCC_IRQHandler
                0x00000000080029d0                TIM8_BRK_TIM12_IRQHandler
                0x00000000080029d0                Default_Handler
                0x00000000080029d0                CEC_IRQHandler
                0x00000000080029d0                EXTI15_10_IRQHandler
                0x00000000080029d0                ADC_IRQHandler
                0x00000000080029d0                DMA1_Stream7_IRQHandler
                0x00000000080029d0                SPI5_IRQHandler
                0x00000000080029d0                TIM7_IRQHandler
                0x00000000080029d0                SDMMC1_IRQHandler
                0x00000000080029d0                CAN2_TX_IRQHandler
                0x00000000080029d0                TIM5_IRQHandler
                0x00000000080029d0                DMA2_Stream7_IRQHandler
                0x00000000080029d0                I2C3_EV_IRQHandler
                0x00000000080029d0                EXTI9_5_IRQHandler
                0x00000000080029d0                RTC_WKUP_IRQHandler
                0x00000000080029d0                LTDC_IRQHandler
                0x00000000080029d0                ETH_WKUP_IRQHandler
                0x00000000080029d0                SPDIF_RX_IRQHandler
                0x00000000080029d0                SPI2_IRQHandler
                0x00000000080029d0                OTG_HS_EP1_IN_IRQHandler
                0x00000000080029d0                DMA1_Stream0_IRQHandler
                0x00000000080029d0                CAN1_TX_IRQHandler
                0x00000000080029d0                EXTI4_IRQHandler
                0x00000000080029d0                RNG_IRQHandler
                0x00000000080029d0                ETH_IRQHandler
                0x00000000080029d0                OTG_HS_EP1_OUT_IRQHandler
                0x00000000080029d0                WWDG_IRQHandler
                0x00000000080029d0                SPI6_IRQHandler
                0x00000000080029d0                MDIOS_IRQHandler
                0x00000000080029d0                I2C4_EV_IRQHandler
                0x00000000080029d0                CAN3_TX_IRQHandler
                0x00000000080029d0                TIM2_IRQHandler
                0x00000000080029d0                OTG_FS_WKUP_IRQHandler
                0x00000000080029d0                TIM1_TRG_COM_TIM11_IRQHandler
                0x00000000080029d0                OTG_HS_IRQHandler
                0x00000000080029d0                DMA2D_IRQHandler
                0x00000000080029d0                EXTI1_IRQHandler
                0x00000000080029d0                SDMMC2_IRQHandler
                0x00000000080029d0                UART7_IRQHandler
                0x00000000080029d0                USART2_IRQHandler
                0x00000000080029d0                DFSDM1_FLT0_IRQHandler
                0x00000000080029d0                I2C2_ER_IRQHandler
                0x00000000080029d0                DMA2_Stream1_IRQHandler
                0x00000000080029d0                CAN1_SCE_IRQHandler
                0x00000000080029d0                FLASH_IRQHandler
                0x00000000080029d0                DMA2_Stream4_IRQHandler
                0x00000000080029d0                USART1_IRQHandler
                0x00000000080029d0                OTG_FS_IRQHandler
                0x00000000080029d0                SPI3_IRQHandler
                0x00000000080029d0                DMA1_Stream4_IRQHandler
                0x00000000080029d0                I2C1_ER_IRQHandler
                0x00000000080029d0                FMC_IRQHandler
                0x00000000080029d0                LPTIM1_IRQHandler
                0x00000000080029d0                I2C4_ER_IRQHandler
                0x00000000080029d0                DMA2_Stream6_IRQHandler
                0x00000000080029d0                SAI1_IRQHandler
                0x00000000080029d0                DMA1_Stream3_IRQHandler
 .text.HAL_Init
                0x00000000080029d2       0x1a ./Drivers/STM32F7xx_HAL_Driver/Src/stm32f7xx_hal.o
                0x00000000080029d2                HAL_Init
 .text.HAL_InitTick
                0x00000000080029ec       0x60 ./Drivers/STM32F7xx_HAL_Driver/Src/stm32f7xx_hal.o
                0x00000000080029ec                HAL_InitTick
 .text.HAL_IncTick
                0x0000000008002a4c       0x28 ./Drivers/STM32F7xx_HAL_Driver/Src/stm32f7xx_hal.o
                0x0000000008002a4c                HAL_IncTick
 .text.HAL_GetTick
                0x0000000008002a74       0x18 ./Drivers/STM32F7xx_HAL_Driver/Src/stm32f7xx_hal.o
                0x0000000008002a74                HAL_GetTick
 .text.__NVIC_SetPriorityGrouping
                0x0000000008002a8c       0x48 ./Drivers/STM32F7xx_HAL_Driver/Src/stm32f7xx_hal_cortex.o
 .text.__NVIC_GetPriorityGrouping
                0x0000000008002ad4       0x1c ./Drivers/STM32F7xx_HAL_Driver/Src/stm32f7xx_hal_cortex.o
 .text.__NVIC_SetPriority
                0x0000000008002af0       0x54 ./Drivers/STM32F7xx_HAL_Driver/Src/stm32f7xx_hal_cortex.o
 .text.NVIC_EncodePriority
                0x0000000008002b44       0x66 ./Drivers/STM32F7xx_HAL_Driver/Src/stm32f7xx_hal_cortex.o
 *fill*         0x0000000008002baa        0x2 
 .text.SysTick_Config
                0x0000000008002bac       0x44 ./Drivers/STM32F7xx_HAL_Driver/Src/stm32f7xx_hal_cortex.o
 .text.HAL_NVIC_SetPriorityGrouping
                0x0000000008002bf0       0x16 ./Drivers/STM32F7xx_HAL_Driver/Src/stm32f7xx_hal_cortex.o
                0x0000000008002bf0                HAL_NVIC_SetPriorityGrouping
 .text.HAL_NVIC_SetPriority
                0x0000000008002c06       0x38 ./Drivers/STM32F7xx_HAL_Driver/Src/stm32f7xx_hal_cortex.o
                0x0000000008002c06                HAL_NVIC_SetPriority
 .text.HAL_SYSTICK_Config
                0x0000000008002c3e       0x18 ./Drivers/STM32F7xx_HAL_Driver/Src/stm32f7xx_hal_cortex.o
                0x0000000008002c3e                HAL_SYSTICK_Config
 *fill*         0x0000000008002c56        0x2 
 .text.HAL_GPIO_Init
                0x0000000008002c58      0x358 ./Drivers/STM32F7xx_HAL_Driver/Src/stm32f7xx_hal_gpio.o
                0x0000000008002c58                HAL_GPIO_Init
 .text.HAL_RCC_GetSysClockFreq
                0x0000000008002fb0      0x16c ./Drivers/STM32F7xx_HAL_Driver/Src/stm32f7xx_hal_rcc.o
                0x0000000008002fb0                HAL_RCC_GetSysClockFreq
 .text.HAL_RCC_GetHCLKFreq
                0x000000000800311c       0x18 ./Drivers/STM32F7xx_HAL_Driver/Src/stm32f7xx_hal_rcc.o
                0x000000000800311c                HAL_RCC_GetHCLKFreq
 .text.HAL_RCC_GetPCLK1Freq
                0x0000000008003134       0x28 ./Drivers/STM32F7xx_HAL_Driver/Src/stm32f7xx_hal_rcc.o
                0x0000000008003134                HAL_RCC_GetPCLK1Freq
 .text.HAL_RCC_GetPCLK2Freq
                0x000000000800315c       0x28 ./Drivers/STM32F7xx_HAL_Driver/Src/stm32f7xx_hal_rcc.o
                0x000000000800315c                HAL_RCC_GetPCLK2Freq
 .text.HAL_UART_Init
                0x0000000008003184       0x9c ./Drivers/STM32F7xx_HAL_Driver/Src/stm32f7xx_hal_uart.o
                0x0000000008003184                HAL_UART_Init
 .text.UART_SetConfig
                0x0000000008003220      0x4c4 ./Drivers/STM32F7xx_HAL_Driver/Src/stm32f7xx_hal_uart.o
                0x0000000008003220                UART_SetConfig
 .text.UART_AdvFeatureConfig
                0x00000000080036e4      0x144 ./Drivers/STM32F7xx_HAL_Driver/Src/stm32f7xx_hal_uart.o
                0x00000000080036e4                UART_AdvFeatureConfig
 .text.UART_CheckIdleState
                0x0000000008003828       0x92 ./Drivers/STM32F7xx_HAL_Driver/Src/stm32f7xx_hal_uart.o
                0x0000000008003828                UART_CheckIdleState
 .text.UART_WaitOnFlagUntilTimeout
                0x00000000080038ba       0xf8 ./Drivers/STM32F7xx_HAL_Driver/Src/stm32f7xx_hal_uart.o
                0x00000000080038ba                UART_WaitOnFlagUntilTimeout
 .text.LL_GPIO_SetPinMode
                0x00000000080039b2       0x5e ./Drivers/STM32F7xx_HAL_Driver/Src/stm32f7xx_ll_gpio.o
 .text.LL_GPIO_SetPinOutputType
                0x0000000008003a10       0x30 ./Drivers/STM32F7xx_HAL_Driver/Src/stm32f7xx_ll_gpio.o
 .text.LL_GPIO_SetPinSpeed
                0x0000000008003a40       0x5e ./Drivers/STM32F7xx_HAL_Driver/Src/stm32f7xx_ll_gpio.o
 .text.LL_GPIO_SetPinPull
                0x0000000008003a9e       0x5e ./Drivers/STM32F7xx_HAL_Driver/Src/stm32f7xx_ll_gpio.o
 .text.LL_GPIO_SetAFPin_0_7
                0x0000000008003afc       0x5e ./Drivers/STM32F7xx_HAL_Driver/Src/stm32f7xx_ll_gpio.o
 .text.LL_GPIO_SetAFPin_8_15
                0x0000000008003b5a       0x62 ./Drivers/STM32F7xx_HAL_Driver/Src/stm32f7xx_ll_gpio.o
 .text.LL_GPIO_Init
                0x0000000008003bbc       0xe8 ./Drivers/STM32F7xx_HAL_Driver/Src/stm32f7xx_ll_gpio.o
                0x0000000008003bbc                LL_GPIO_Init
 .text.LL_I2C_Enable
                0x0000000008003ca4       0x20 ./Drivers/STM32F7xx_HAL_Driver/Src/stm32f7xx_ll_i2c.o
 .text.LL_I2C_Disable
                0x0000000008003cc4       0x20 ./Drivers/STM32F7xx_HAL_Driver/Src/stm32f7xx_ll_i2c.o
 .text.LL_I2C_ConfigFilters
                0x0000000008003ce4       0x2e ./Drivers/STM32F7xx_HAL_Driver/Src/stm32f7xx_ll_i2c.o
 *fill*         0x0000000008003d12        0x2 
 .text.LL_I2C_SetOwnAddress1
                0x0000000008003d14       0x30 ./Drivers/STM32F7xx_HAL_Driver/Src/stm32f7xx_ll_i2c.o
 .text.LL_I2C_EnableOwnAddress1
                0x0000000008003d44       0x20 ./Drivers/STM32F7xx_HAL_Driver/Src/stm32f7xx_ll_i2c.o
 .text.LL_I2C_DisableOwnAddress1
                0x0000000008003d64       0x20 ./Drivers/STM32F7xx_HAL_Driver/Src/stm32f7xx_ll_i2c.o
 .text.LL_I2C_SetTiming
                0x0000000008003d84       0x1c ./Drivers/STM32F7xx_HAL_Driver/Src/stm32f7xx_ll_i2c.o
 .text.LL_I2C_SetMode
                0x0000000008003da0       0x26 ./Drivers/STM32F7xx_HAL_Driver/Src/stm32f7xx_ll_i2c.o
 .text.LL_I2C_AcknowledgeNextData
                0x0000000008003dc6       0x26 ./Drivers/STM32F7xx_HAL_Driver/Src/stm32f7xx_ll_i2c.o
 .text.LL_I2C_Init
                0x0000000008003dec       0x78 ./Drivers/STM32F7xx_HAL_Driver/Src/stm32f7xx_ll_i2c.o
                0x0000000008003dec                LL_I2C_Init
 .text.LL_RCC_HSI_IsReady
                0x0000000008003e64       0x24 ./Drivers/STM32F7xx_HAL_Driver/Src/stm32f7xx_ll_rcc.o
 .text.LL_RCC_LSE_IsReady
                0x0000000008003e88       0x24 ./Drivers/STM32F7xx_HAL_Driver/Src/stm32f7xx_ll_rcc.o
 .text.LL_RCC_GetSysClkSource
                0x0000000008003eac       0x1c ./Drivers/STM32F7xx_HAL_Driver/Src/stm32f7xx_ll_rcc.o
 .text.LL_RCC_GetAHBPrescaler
                0x0000000008003ec8       0x1c ./Drivers/STM32F7xx_HAL_Driver/Src/stm32f7xx_ll_rcc.o
 .text.LL_RCC_GetAPB1Prescaler
                0x0000000008003ee4       0x1c ./Drivers/STM32F7xx_HAL_Driver/Src/stm32f7xx_ll_rcc.o
 .text.LL_RCC_GetAPB2Prescaler
                0x0000000008003f00       0x1c ./Drivers/STM32F7xx_HAL_Driver/Src/stm32f7xx_ll_rcc.o
 .text.LL_RCC_GetUSARTClockSource
                0x0000000008003f1c       0x28 ./Drivers/STM32F7xx_HAL_Driver/Src/stm32f7xx_ll_rcc.o
 .text.LL_RCC_GetUARTClockSource
                0x0000000008003f44       0x28 ./Drivers/STM32F7xx_HAL_Driver/Src/stm32f7xx_ll_rcc.o
 .text.LL_RCC_PLL_GetMainSource
                0x0000000008003f6c       0x1c ./Drivers/STM32F7xx_HAL_Driver/Src/stm32f7xx_ll_rcc.o
 .text.LL_RCC_PLL_GetN
                0x0000000008003f88       0x1c ./Drivers/STM32F7xx_HAL_Driver/Src/stm32f7xx_ll_rcc.o
 .text.LL_RCC_PLL_GetP
                0x0000000008003fa4       0x1c ./Drivers/STM32F7xx_HAL_Driver/Src/stm32f7xx_ll_rcc.o
 .text.LL_RCC_PLL_GetDivider
                0x0000000008003fc0       0x1c ./Drivers/STM32F7xx_HAL_Driver/Src/stm32f7xx_ll_rcc.o
 .text.LL_RCC_GetUSARTClockFreq
                0x0000000008003fdc      0x210 ./Drivers/STM32F7xx_HAL_Driver/Src/stm32f7xx_ll_rcc.o
                0x0000000008003fdc                LL_RCC_GetUSARTClockFreq
 .text.LL_RCC_GetUARTClockFreq
                0x00000000080041ec      0x214 ./Drivers/STM32F7xx_HAL_Driver/Src/stm32f7xx_ll_rcc.o
                0x00000000080041ec                LL_RCC_GetUARTClockFreq
 .text.RCC_GetSystemClockFreq
                0x0000000008004400       0x50 ./Drivers/STM32F7xx_HAL_Driver/Src/stm32f7xx_ll_rcc.o
                0x0000000008004400                RCC_GetSystemClockFreq
 .text.RCC_GetHCLKClockFreq
                0x0000000008004450       0x2c ./Drivers/STM32F7xx_HAL_Driver/Src/stm32f7xx_ll_rcc.o
                0x0000000008004450                RCC_GetHCLKClockFreq
 .text.RCC_GetPCLK1ClockFreq
                0x000000000800447c       0x28 ./Drivers/STM32F7xx_HAL_Driver/Src/stm32f7xx_ll_rcc.o
                0x000000000800447c                RCC_GetPCLK1ClockFreq
 .text.RCC_GetPCLK2ClockFreq
                0x00000000080044a4       0x28 ./Drivers/STM32F7xx_HAL_Driver/Src/stm32f7xx_ll_rcc.o
                0x00000000080044a4                RCC_GetPCLK2ClockFreq
 .text.RCC_PLL_GetFreqDomain_SYS
                0x00000000080044cc       0x6c ./Drivers/STM32F7xx_HAL_Driver/Src/stm32f7xx_ll_rcc.o
                0x00000000080044cc                RCC_PLL_GetFreqDomain_SYS
 .text.LL_TIM_SetPrescaler
                0x0000000008004538       0x1c ./Drivers/STM32F7xx_HAL_Driver/Src/stm32f7xx_ll_tim.o
 .text.LL_TIM_SetAutoReload
                0x0000000008004554       0x1c ./Drivers/STM32F7xx_HAL_Driver/Src/stm32f7xx_ll_tim.o
 .text.LL_TIM_SetRepetitionCounter
                0x0000000008004570       0x1c ./Drivers/STM32F7xx_HAL_Driver/Src/stm32f7xx_ll_tim.o
 .text.LL_TIM_OC_SetCompareCH1
                0x000000000800458c       0x1c ./Drivers/STM32F7xx_HAL_Driver/Src/stm32f7xx_ll_tim.o
 .text.LL_TIM_OC_SetCompareCH2
                0x00000000080045a8       0x1c ./Drivers/STM32F7xx_HAL_Driver/Src/stm32f7xx_ll_tim.o
 .text.LL_TIM_OC_SetCompareCH3
                0x00000000080045c4       0x1c ./Drivers/STM32F7xx_HAL_Driver/Src/stm32f7xx_ll_tim.o
 .text.LL_TIM_OC_SetCompareCH4
                0x00000000080045e0       0x1c ./Drivers/STM32F7xx_HAL_Driver/Src/stm32f7xx_ll_tim.o
 .text.LL_TIM_OC_SetCompareCH5
                0x00000000080045fc       0x20 ./Drivers/STM32F7xx_HAL_Driver/Src/stm32f7xx_ll_tim.o
 .text.LL_TIM_OC_SetCompareCH6
                0x000000000800461c       0x1c ./Drivers/STM32F7xx_HAL_Driver/Src/stm32f7xx_ll_tim.o
 .text.LL_TIM_GenerateEvent_UPDATE
                0x0000000008004638       0x20 ./Drivers/STM32F7xx_HAL_Driver/Src/stm32f7xx_ll_tim.o
 .text.LL_TIM_Init
                0x0000000008004658      0x134 ./Drivers/STM32F7xx_HAL_Driver/Src/stm32f7xx_ll_tim.o
                0x0000000008004658                LL_TIM_Init
 .text.LL_TIM_OC_Init
                0x000000000800478c       0xbe ./Drivers/STM32F7xx_HAL_Driver/Src/stm32f7xx_ll_tim.o
                0x000000000800478c                LL_TIM_OC_Init
 *fill*         0x000000000800484a        0x2 
 .text.OC1Config
                0x000000000800484c       0xdc ./Drivers/STM32F7xx_HAL_Driver/Src/stm32f7xx_ll_tim.o
 .text.OC2Config
                0x0000000008004928       0xe4 ./Drivers/STM32F7xx_HAL_Driver/Src/stm32f7xx_ll_tim.o
 .text.OC3Config
                0x0000000008004a0c       0xe4 ./Drivers/STM32F7xx_HAL_Driver/Src/stm32f7xx_ll_tim.o
 .text.OC4Config
                0x0000000008004af0       0xb4 ./Drivers/STM32F7xx_HAL_Driver/Src/stm32f7xx_ll_tim.o
 .text.OC5Config
                0x0000000008004ba4       0xa4 ./Drivers/STM32F7xx_HAL_Driver/Src/stm32f7xx_ll_tim.o
 .text.OC6Config
                0x0000000008004c48       0xa4 ./Drivers/STM32F7xx_HAL_Driver/Src/stm32f7xx_ll_tim.o
 .text.LL_USART_IsEnabled
                0x0000000008004cec       0x26 ./Drivers/STM32F7xx_HAL_Driver/Src/stm32f7xx_ll_usart.o
 .text.LL_USART_SetStopBitsLength
                0x0000000008004d12       0x26 ./Drivers/STM32F7xx_HAL_Driver/Src/stm32f7xx_ll_usart.o
 .text.LL_USART_SetHWFlowCtrl
                0x0000000008004d38       0x26 ./Drivers/STM32F7xx_HAL_Driver/Src/stm32f7xx_ll_usart.o
 .text.LL_USART_SetBaudRate
                0x0000000008004d5e       0x6e ./Drivers/STM32F7xx_HAL_Driver/Src/stm32f7xx_ll_usart.o
 .text.LL_USART_Init
                0x0000000008004dcc      0x140 ./Drivers/STM32F7xx_HAL_Driver/Src/stm32f7xx_ll_usart.o
                0x0000000008004dcc                LL_USART_Init
 .text.LL_mDelay
                0x0000000008004f0c       0x4c ./Drivers/STM32F7xx_HAL_Driver/Src/stm32f7xx_ll_utils.o
                0x0000000008004f0c                LL_mDelay
 .text.LL_SetSystemCoreClock
                0x0000000008004f58       0x20 ./Drivers/STM32F7xx_HAL_Driver/Src/stm32f7xx_ll_utils.o
                0x0000000008004f58                LL_SetSystemCoreClock
 .text.makeFreeRtosPriority
                0x0000000008004f78       0x30 ./Middlewares/Third_Party/FreeRTOS/Source/CMSIS_RTOS/cmsis_os.o
 .text.osThreadCreate
                0x0000000008004fa8       0x98 ./Middlewares/Third_Party/FreeRTOS/Source/CMSIS_RTOS/cmsis_os.o
                0x0000000008004fa8                osThreadCreate
 .text.osDelay  0x0000000008005040       0x28 ./Middlewares/Third_Party/FreeRTOS/Source/CMSIS_RTOS/cmsis_os.o
                0x0000000008005040                osDelay
 .text.vListInitialise
                0x0000000008005068       0x40 ./Middlewares/Third_Party/FreeRTOS/Source/list.o
                0x0000000008005068                vListInitialise
 .text.vListInitialiseItem
                0x00000000080050a8       0x1a ./Middlewares/Third_Party/FreeRTOS/Source/list.o
                0x00000000080050a8                vListInitialiseItem
 .text.vListInsertEnd
                0x00000000080050c2       0x48 ./Middlewares/Third_Party/FreeRTOS/Source/list.o
                0x00000000080050c2                vListInsertEnd
 .text.vListInsert
                0x000000000800510a       0x72 ./Middlewares/Third_Party/FreeRTOS/Source/list.o
                0x000000000800510a                vListInsert
 .text.uxListRemove
                0x000000000800517c       0x54 ./Middlewares/Third_Party/FreeRTOS/Source/list.o
                0x000000000800517c                uxListRemove
 .text.xQueueGenericReset
                0x00000000080051d0       0xd4 ./Middlewares/Third_Party/FreeRTOS/Source/queue.o
                0x00000000080051d0                xQueueGenericReset
 .text.xQueueGenericCreate
                0x00000000080052a4       0x84 ./Middlewares/Third_Party/FreeRTOS/Source/queue.o
                0x00000000080052a4                xQueueGenericCreate
 .text.prvInitialiseNewQueue
                0x0000000008005328       0x3e ./Middlewares/Third_Party/FreeRTOS/Source/queue.o
 *fill*         0x0000000008005366        0x2 
 .text.xQueueGenericSend
                0x0000000008005368      0x20c ./Middlewares/Third_Party/FreeRTOS/Source/queue.o
                0x0000000008005368                xQueueGenericSend
 .text.xQueueReceive
                0x0000000008005574      0x1cc ./Middlewares/Third_Party/FreeRTOS/Source/queue.o
                0x0000000008005574                xQueueReceive
 .text.prvCopyDataToQueue
                0x0000000008005740       0xd4 ./Middlewares/Third_Party/FreeRTOS/Source/queue.o
 .text.prvCopyDataFromQueue
                0x0000000008005814       0x4c ./Middlewares/Third_Party/FreeRTOS/Source/queue.o
 .text.prvUnlockQueue
                0x0000000008005860       0xa4 ./Middlewares/Third_Party/FreeRTOS/Source/queue.o
 .text.prvIsQueueEmpty
                0x0000000008005904       0x2c ./Middlewares/Third_Party/FreeRTOS/Source/queue.o
 .text.prvIsQueueFull
                0x0000000008005930       0x30 ./Middlewares/Third_Party/FreeRTOS/Source/queue.o
 .text.xTaskCreateStatic
                0x0000000008005960       0xc6 ./Middlewares/Third_Party/FreeRTOS/Source/tasks.o
                0x0000000008005960                xTaskCreateStatic
 .text.xTaskCreate
                0x0000000008005a26       0x8a ./Middlewares/Third_Party/FreeRTOS/Source/tasks.o
                0x0000000008005a26                xTaskCreate
 .text.prvInitialiseNewTask
                0x0000000008005ab0      0x112 ./Middlewares/Third_Party/FreeRTOS/Source/tasks.o
 *fill*         0x0000000008005bc2        0x2 
 .text.prvAddNewTaskToReadyList
                0x0000000008005bc4       0xd4 ./Middlewares/Third_Party/FreeRTOS/Source/tasks.o
 .text.vTaskDelay
                0x0000000008005c98       0x6c ./Middlewares/Third_Party/FreeRTOS/Source/tasks.o
                0x0000000008005c98                vTaskDelay
 .text.vTaskSuspendAll
                0x0000000008005d04       0x1c ./Middlewares/Third_Party/FreeRTOS/Source/tasks.o
                0x0000000008005d04                vTaskSuspendAll
 .text.xTaskResumeAll
                0x0000000008005d20      0x13c ./Middlewares/Third_Party/FreeRTOS/Source/tasks.o
                0x0000000008005d20                xTaskResumeAll
 .text.xTaskIncrementTick
                0x0000000008005e5c      0x174 ./Middlewares/Third_Party/FreeRTOS/Source/tasks.o
                0x0000000008005e5c                xTaskIncrementTick
 .text.vTaskSwitchContext
                0x0000000008005fd0       0xbc ./Middlewares/Third_Party/FreeRTOS/Source/tasks.o
                0x0000000008005fd0                vTaskSwitchContext
 .text.vTaskPlaceOnEventList
                0x000000000800608c       0x4c ./Middlewares/Third_Party/FreeRTOS/Source/tasks.o
                0x000000000800608c                vTaskPlaceOnEventList
 .text.xTaskRemoveFromEventList
                0x00000000080060d8       0xc8 ./Middlewares/Third_Party/FreeRTOS/Source/tasks.o
                0x00000000080060d8                xTaskRemoveFromEventList
 .text.vTaskInternalSetTimeOutState
                0x00000000080061a0       0x2c ./Middlewares/Third_Party/FreeRTOS/Source/tasks.o
                0x00000000080061a0                vTaskInternalSetTimeOutState
 .text.xTaskCheckForTimeOut
                0x00000000080061cc       0xcc ./Middlewares/Third_Party/FreeRTOS/Source/tasks.o
                0x00000000080061cc                xTaskCheckForTimeOut
 .text.vTaskMissedYield
                0x0000000008006298       0x18 ./Middlewares/Third_Party/FreeRTOS/Source/tasks.o
                0x0000000008006298                vTaskMissedYield
 .text.prvInitialiseTaskLists
                0x00000000080062b0       0x80 ./Middlewares/Third_Party/FreeRTOS/Source/tasks.o
 .text.prvResetNextTaskUnblockTime
                0x0000000008006330       0x40 ./Middlewares/Third_Party/FreeRTOS/Source/tasks.o
 .text.xTaskGetSchedulerState
                0x0000000008006370       0x3c ./Middlewares/Third_Party/FreeRTOS/Source/tasks.o
                0x0000000008006370                xTaskGetSchedulerState
 .text.xTaskPriorityDisinherit
                0x00000000080063ac      0x114 ./Middlewares/Third_Party/FreeRTOS/Source/tasks.o
                0x00000000080063ac                xTaskPriorityDisinherit
 .text.prvAddCurrentTaskToDelayedList
                0x00000000080064c0       0xcc ./Middlewares/Third_Party/FreeRTOS/Source/tasks.o
 .text.pxPortInitialiseStack
                0x000000000800658c       0x68 ./Middlewares/Third_Party/FreeRTOS/Source/portable/GCC/ARM_CM7/r0p1/port.o
                0x000000000800658c                pxPortInitialiseStack
 .text.prvTaskExitError
                0x00000000080065f4       0x60 ./Middlewares/Third_Party/FreeRTOS/Source/portable/GCC/ARM_CM7/r0p1/port.o
 *fill*         0x0000000008006654        0xc 
 .text.SVC_Handler
                0x0000000008006660       0x28 ./Middlewares/Third_Party/FreeRTOS/Source/portable/GCC/ARM_CM7/r0p1/port.o
                0x0000000008006660                SVC_Handler
 .text.vPortEnterCritical
                0x0000000008006688       0x68 ./Middlewares/Third_Party/FreeRTOS/Source/portable/GCC/ARM_CM7/r0p1/port.o
                0x0000000008006688                vPortEnterCritical
 .text.vPortExitCritical
                0x00000000080066f0       0x58 ./Middlewares/Third_Party/FreeRTOS/Source/portable/GCC/ARM_CM7/r0p1/port.o
                0x00000000080066f0                vPortExitCritical
 *fill*         0x0000000008006748        0x8 
 .text.PendSV_Handler
                0x0000000008006750       0x68 ./Middlewares/Third_Party/FreeRTOS/Source/portable/GCC/ARM_CM7/r0p1/port.o
                0x0000000008006750                PendSV_Handler
 .text.xPortSysTickHandler
                0x00000000080067b8       0x48 ./Middlewares/Third_Party/FreeRTOS/Source/portable/GCC/ARM_CM7/r0p1/port.o
                0x00000000080067b8                xPortSysTickHandler
 .text.pvPortMalloc
                0x0000000008006800      0x194 ./Middlewares/Third_Party/FreeRTOS/Source/portable/MemMang/heap_4.o
                0x0000000008006800                pvPortMalloc
 .text.vPortFree
                0x0000000008006994       0xbc ./Middlewares/Third_Party/FreeRTOS/Source/portable/MemMang/heap_4.o
                0x0000000008006994                vPortFree
 .text.prvHeapInit
                0x0000000008006a50       0xc4 ./Middlewares/Third_Party/FreeRTOS/Source/portable/MemMang/heap_4.o
 .text.prvInsertBlockIntoFreeList
                0x0000000008006b14       0xb4 ./Middlewares/Third_Party/FreeRTOS/Source/portable/MemMang/heap_4.o
 .text.__errno  0x0000000008006bc8        0xc c:/st/stm32cubeide_1.7.0/stm32cubeide/plugins/com.st.stm32cube.ide.mcu.externaltools.gnu-tools-for-stm32.9-2020-q2-update.win32_2.0.0.202105311346/tools/bin/../lib/gcc/arm-none-eabi/9.3.1/../../../../arm-none-eabi/lib/thumb/v7e-m+dp/hard\libc_nano.a(lib_a-errno.o)
                0x0000000008006bc8                __errno
 .text.__libc_init_array
                0x0000000008006bd4       0x48 c:/st/stm32cubeide_1.7.0/stm32cubeide/plugins/com.st.stm32cube.ide.mcu.externaltools.gnu-tools-for-stm32.9-2020-q2-update.win32_2.0.0.202105311346/tools/bin/../lib/gcc/arm-none-eabi/9.3.1/../../../../arm-none-eabi/lib/thumb/v7e-m+dp/hard\libc_nano.a(lib_a-init.o)
                0x0000000008006bd4                __libc_init_array
 .text.memcpy   0x0000000008006c1c       0x1c c:/st/stm32cubeide_1.7.0/stm32cubeide/plugins/com.st.stm32cube.ide.mcu.externaltools.gnu-tools-for-stm32.9-2020-q2-update.win32_2.0.0.202105311346/tools/bin/../lib/gcc/arm-none-eabi/9.3.1/../../../../arm-none-eabi/lib/thumb/v7e-m+dp/hard\libc_nano.a(lib_a-memcpy-stub.o)
                0x0000000008006c1c                memcpy
 .text.memset   0x0000000008006c38       0x10 c:/st/stm32cubeide_1.7.0/stm32cubeide/plugins/com.st.stm32cube.ide.mcu.externaltools.gnu-tools-for-stm32.9-2020-q2-update.win32_2.0.0.202105311346/tools/bin/../lib/gcc/arm-none-eabi/9.3.1/../../../../arm-none-eabi/lib/thumb/v7e-m+dp/hard\libc_nano.a(lib_a-memset.o)
                0x0000000008006c38                memset
 .text.sprintf  0x0000000008006c48       0x40 c:/st/stm32cubeide_1.7.0/stm32cubeide/plugins/com.st.stm32cube.ide.mcu.externaltools.gnu-tools-for-stm32.9-2020-q2-update.win32_2.0.0.202105311346/tools/bin/../lib/gcc/arm-none-eabi/9.3.1/../../../../arm-none-eabi/lib/thumb/v7e-m+dp/hard\libc_nano.a(lib_a-sprintf.o)
                0x0000000008006c48                siprintf
                0x0000000008006c48                sprintf
 .text.__ssputs_r
                0x0000000008006c88       0xb6 c:/st/stm32cubeide_1.7.0/stm32cubeide/plugins/com.st.stm32cube.ide.mcu.externaltools.gnu-tools-for-stm32.9-2020-q2-update.win32_2.0.0.202105311346/tools/bin/../lib/gcc/arm-none-eabi/9.3.1/../../../../arm-none-eabi/lib/thumb/v7e-m+dp/hard\libc_nano.a(lib_a-nano-svfprintf.o)
                0x0000000008006c88                __ssputs_r
 *fill*         0x0000000008006d3e        0x2 
 .text._svfprintf_r
                0x0000000008006d40      0x200 c:/st/stm32cubeide_1.7.0/stm32cubeide/plugins/com.st.stm32cube.ide.mcu.externaltools.gnu-tools-for-stm32.9-2020-q2-update.win32_2.0.0.202105311346/tools/bin/../lib/gcc/arm-none-eabi/9.3.1/../../../../arm-none-eabi/lib/thumb/v7e-m+dp/hard\libc_nano.a(lib_a-nano-svfprintf.o)
                0x0000000008006d40                _svfiprintf_r
                0x0000000008006d40                _svfprintf_r
 .text._printf_common
                0x0000000008006f40       0xda c:/st/stm32cubeide_1.7.0/stm32cubeide/plugins/com.st.stm32cube.ide.mcu.externaltools.gnu-tools-for-stm32.9-2020-q2-update.win32_2.0.0.202105311346/tools/bin/../lib/gcc/arm-none-eabi/9.3.1/../../../../arm-none-eabi/lib/thumb/v7e-m+dp/hard\libc_nano.a(lib_a-nano-vfprintf_i.o)
                0x0000000008006f40                _printf_common
 *fill*         0x000000000800701a        0x2 
 .text._printf_i
                0x000000000800701c      0x24c c:/st/stm32cubeide_1.7.0/stm32cubeide/plugins/com.st.stm32cube.ide.mcu.externaltools.gnu-tools-for-stm32.9-2020-q2-update.win32_2.0.0.202105311346/tools/bin/../lib/gcc/arm-none-eabi/9.3.1/../../../../arm-none-eabi/lib/thumb/v7e-m+dp/hard\libc_nano.a(lib_a-nano-vfprintf_i.o)
                0x000000000800701c                _printf_i
 .text.memmove  0x0000000008007268       0x34 c:/st/stm32cubeide_1.7.0/stm32cubeide/plugins/com.st.stm32cube.ide.mcu.externaltools.gnu-tools-for-stm32.9-2020-q2-update.win32_2.0.0.202105311346/tools/bin/../lib/gcc/arm-none-eabi/9.3.1/../../../../arm-none-eabi/lib/thumb/v7e-m+dp/hard\libc_nano.a(lib_a-memmove.o)
                0x0000000008007268                memmove
 .text._free_r  0x000000000800729c       0xa0 c:/st/stm32cubeide_1.7.0/stm32cubeide/plugins/com.st.stm32cube.ide.mcu.externaltools.gnu-tools-for-stm32.9-2020-q2-update.win32_2.0.0.202105311346/tools/bin/../lib/gcc/arm-none-eabi/9.3.1/../../../../arm-none-eabi/lib/thumb/v7e-m+dp/hard\libc_nano.a(lib_a-nano-freer.o)
                0x000000000800729c                _free_r
 .text._malloc_r
                0x000000000800733c       0xb4 c:/st/stm32cubeide_1.7.0/stm32cubeide/plugins/com.st.stm32cube.ide.mcu.externaltools.gnu-tools-for-stm32.9-2020-q2-update.win32_2.0.0.202105311346/tools/bin/../lib/gcc/arm-none-eabi/9.3.1/../../../../arm-none-eabi/lib/thumb/v7e-m+dp/hard\libc_nano.a(lib_a-nano-mallocr.o)
                0x000000000800733c                _malloc_r
 .text._realloc_r
                0x00000000080073f0       0x4c c:/st/stm32cubeide_1.7.0/stm32cubeide/plugins/com.st.stm32cube.ide.mcu.externaltools.gnu-tools-for-stm32.9-2020-q2-update.win32_2.0.0.202105311346/tools/bin/../lib/gcc/arm-none-eabi/9.3.1/../../../../arm-none-eabi/lib/thumb/v7e-m+dp/hard\libc_nano.a(lib_a-nano-reallocr.o)
                0x00000000080073f0                _realloc_r
 .text._sbrk_r  0x000000000800743c       0x20 c:/st/stm32cubeide_1.7.0/stm32cubeide/plugins/com.st.stm32cube.ide.mcu.externaltools.gnu-tools-for-stm32.9-2020-q2-update.win32_2.0.0.202105311346/tools/bin/../lib/gcc/arm-none-eabi/9.3.1/../../../../arm-none-eabi/lib/thumb/v7e-m+dp/hard\libc_nano.a(lib_a-sbrkr.o)
                0x000000000800743c                _sbrk_r
 .text.__malloc_lock
                0x000000000800745c        0xc c:/st/stm32cubeide_1.7.0/stm32cubeide/plugins/com.st.stm32cube.ide.mcu.externaltools.gnu-tools-for-stm32.9-2020-q2-update.win32_2.0.0.202105311346/tools/bin/../lib/gcc/arm-none-eabi/9.3.1/../../../../arm-none-eabi/lib/thumb/v7e-m+dp/hard\libc_nano.a(lib_a-mlock.o)
                0x000000000800745c                __malloc_lock
 .text.__malloc_unlock
                0x0000000008007468        0xc c:/st/stm32cubeide_1.7.0/stm32cubeide/plugins/com.st.stm32cube.ide.mcu.externaltools.gnu-tools-for-stm32.9-2020-q2-update.win32_2.0.0.202105311346/tools/bin/../lib/gcc/arm-none-eabi/9.3.1/../../../../arm-none-eabi/lib/thumb/v7e-m+dp/hard\libc_nano.a(lib_a-mlock.o)
                0x0000000008007468                __malloc_unlock
 .text._malloc_usable_size_r
                0x0000000008007474       0x10 c:/st/stm32cubeide_1.7.0/stm32cubeide/plugins/com.st.stm32cube.ide.mcu.externaltools.gnu-tools-for-stm32.9-2020-q2-update.win32_2.0.0.202105311346/tools/bin/../lib/gcc/arm-none-eabi/9.3.1/../../../../arm-none-eabi/lib/thumb/v7e-m+dp/hard\libc_nano.a(lib_a-nano-msizer.o)
                0x0000000008007474                _malloc_usable_size_r
 .text.__retarget_lock_acquire_recursive
                0x0000000008007484        0x2 c:/st/stm32cubeide_1.7.0/stm32cubeide/plugins/com.st.stm32cube.ide.mcu.externaltools.gnu-tools-for-stm32.9-2020-q2-update.win32_2.0.0.202105311346/tools/bin/../lib/gcc/arm-none-eabi/9.3.1/../../../../arm-none-eabi/lib/thumb/v7e-m+dp/hard\libc_nano.a(lib_a-lock.o)
                0x0000000008007484                __retarget_lock_acquire_recursive
 .text.__retarget_lock_release_recursive
                0x0000000008007486        0x2 c:/st/stm32cubeide_1.7.0/stm32cubeide/plugins/com.st.stm32cube.ide.mcu.externaltools.gnu-tools-for-stm32.9-2020-q2-update.win32_2.0.0.202105311346/tools/bin/../lib/gcc/arm-none-eabi/9.3.1/../../../../arm-none-eabi/lib/thumb/v7e-m+dp/hard\libc_nano.a(lib_a-lock.o)
                0x0000000008007486                __retarget_lock_release_recursive
 *(.glue_7)
 .glue_7        0x0000000008007488        0x0 linker stubs
 *(.glue_7t)
 .glue_7t       0x0000000008007488        0x0 linker stubs
 *(.eh_frame)
 .eh_frame      0x0000000008007488        0x0 c:/st/stm32cubeide_1.7.0/stm32cubeide/plugins/com.st.stm32cube.ide.mcu.externaltools.gnu-tools-for-stm32.9-2020-q2-update.win32_2.0.0.202105311346/tools/bin/../lib/gcc/arm-none-eabi/9.3.1/thumb/v7e-m+dp/hard/crtbegin.o
 *(.init)
 .init          0x0000000008007488        0x4 c:/st/stm32cubeide_1.7.0/stm32cubeide/plugins/com.st.stm32cube.ide.mcu.externaltools.gnu-tools-for-stm32.9-2020-q2-update.win32_2.0.0.202105311346/tools/bin/../lib/gcc/arm-none-eabi/9.3.1/thumb/v7e-m+dp/hard/crti.o
                0x0000000008007488                _init
 .init          0x000000000800748c        0x8 c:/st/stm32cubeide_1.7.0/stm32cubeide/plugins/com.st.stm32cube.ide.mcu.externaltools.gnu-tools-for-stm32.9-2020-q2-update.win32_2.0.0.202105311346/tools/bin/../lib/gcc/arm-none-eabi/9.3.1/thumb/v7e-m+dp/hard/crtn.o
 *(.fini)
 .fini          0x0000000008007494        0x4 c:/st/stm32cubeide_1.7.0/stm32cubeide/plugins/com.st.stm32cube.ide.mcu.externaltools.gnu-tools-for-stm32.9-2020-q2-update.win32_2.0.0.202105311346/tools/bin/../lib/gcc/arm-none-eabi/9.3.1/thumb/v7e-m+dp/hard/crti.o
                0x0000000008007494                _fini
 .fini          0x0000000008007498        0x8 c:/st/stm32cubeide_1.7.0/stm32cubeide/plugins/com.st.stm32cube.ide.mcu.externaltools.gnu-tools-for-stm32.9-2020-q2-update.win32_2.0.0.202105311346/tools/bin/../lib/gcc/arm-none-eabi/9.3.1/thumb/v7e-m+dp/hard/crtn.o
                0x00000000080074a0                . = ALIGN (0x4)
                0x00000000080074a0                _etext = .

.vfp11_veneer   0x00000000080074a0        0x0
 .vfp11_veneer  0x00000000080074a0        0x0 linker stubs

.v4_bx          0x00000000080074a0        0x0
 .v4_bx         0x00000000080074a0        0x0 linker stubs

.iplt           0x00000000080074a0        0x0
 .iplt          0x00000000080074a0        0x0 c:/st/stm32cubeide_1.7.0/stm32cubeide/plugins/com.st.stm32cube.ide.mcu.externaltools.gnu-tools-for-stm32.9-2020-q2-update.win32_2.0.0.202105311346/tools/bin/../lib/gcc/arm-none-eabi/9.3.1/thumb/v7e-m+dp/hard/crtbegin.o

.rodata         0x00000000080074a0      0x124
                0x00000000080074a0                . = ALIGN (0x4)
 *(.rodata)
 .rodata        0x00000000080074a0       0x28 ./Core/Src/freertos.o
 .rodata        0x00000000080074c8       0x77 ./Core/Src/main.o
 *(.rodata*)
 *fill*         0x000000000800753f        0x1 
 .rodata.OFFSET_TAB_CCMRx
                0x0000000008007540        0x9 ./Core/Src/main.o
 *fill*         0x0000000008007549        0x3 
 .rodata.SHIFT_TAB_OCxx
                0x000000000800754c        0x9 ./Core/Src/main.o
 *fill*         0x0000000008007555        0x3 
 .rodata.SHIFT_TAB_CCxP
                0x0000000008007558        0x9 ./Core/Src/main.o
 *fill*         0x0000000008007561        0x3 
 .rodata.AHBPrescTable
                0x0000000008007564       0x10 ./Core/Src/system_stm32f7xx.o
                0x0000000008007564                AHBPrescTable
 .rodata.APBPrescTable
                0x0000000008007574        0x8 ./Core/Src/system_stm32f7xx.o
                0x0000000008007574                APBPrescTable
 .rodata.OFFSET_TAB_CCMRx
                0x000000000800757c        0x9 ./Core/Src/tim.o
 *fill*         0x0000000008007585        0x3 
 .rodata.SHIFT_TAB_OCxx
                0x0000000008007588        0x9 ./Core/Src/tim.o
 .rodata._svfprintf_r.str1.1
                0x0000000008007591       0x11 c:/st/stm32cubeide_1.7.0/stm32cubeide/plugins/com.st.stm32cube.ide.mcu.externaltools.gnu-tools-for-stm32.9-2020-q2-update.win32_2.0.0.202105311346/tools/bin/../lib/gcc/arm-none-eabi/9.3.1/../../../../arm-none-eabi/lib/thumb/v7e-m+dp/hard\libc_nano.a(lib_a-nano-svfprintf.o)
 .rodata._printf_i.str1.1
                0x00000000080075a2       0x22 c:/st/stm32cubeide_1.7.0/stm32cubeide/plugins/com.st.stm32cube.ide.mcu.externaltools.gnu-tools-for-stm32.9-2020-q2-update.win32_2.0.0.202105311346/tools/bin/../lib/gcc/arm-none-eabi/9.3.1/../../../../arm-none-eabi/lib/thumb/v7e-m+dp/hard\libc_nano.a(lib_a-nano-vfprintf_i.o)
                0x00000000080075c4                . = ALIGN (0x4)

.ARM.extab      0x00000000080075c4        0x0
                0x00000000080075c4                . = ALIGN (0x4)
 *(.ARM.extab* .gnu.linkonce.armextab.*)
                0x00000000080075c4                . = ALIGN (0x4)

.ARM            0x00000000080075c4        0x8
                0x00000000080075c4                . = ALIGN (0x4)
                0x00000000080075c4                __exidx_start = .
 *(.ARM.exidx*)
 .ARM.exidx     0x00000000080075c4        0x8 c:/st/stm32cubeide_1.7.0/stm32cubeide/plugins/com.st.stm32cube.ide.mcu.externaltools.gnu-tools-for-stm32.9-2020-q2-update.win32_2.0.0.202105311346/tools/bin/../lib/gcc/arm-none-eabi/9.3.1/thumb/v7e-m+dp/hard\libgcc.a(_udivmoddi4.o)
                0x00000000080075cc                __exidx_end = .
                0x00000000080075cc                . = ALIGN (0x4)

.rel.dyn        0x00000000080075cc        0x0
 .rel.iplt      0x00000000080075cc        0x0 c:/st/stm32cubeide_1.7.0/stm32cubeide/plugins/com.st.stm32cube.ide.mcu.externaltools.gnu-tools-for-stm32.9-2020-q2-update.win32_2.0.0.202105311346/tools/bin/../lib/gcc/arm-none-eabi/9.3.1/thumb/v7e-m+dp/hard/crtbegin.o

.preinit_array  0x00000000080075cc        0x0
                0x00000000080075cc                . = ALIGN (0x4)
                0x00000000080075cc                PROVIDE (__preinit_array_start = .)
 *(.preinit_array*)
                0x00000000080075cc                PROVIDE (__preinit_array_end = .)
                0x00000000080075cc                . = ALIGN (0x4)

.init_array     0x00000000080075cc        0x4
                0x00000000080075cc                . = ALIGN (0x4)
                0x00000000080075cc                PROVIDE (__init_array_start = .)
 *(SORT_BY_NAME(.init_array.*))
 *(.init_array*)
 .init_array    0x00000000080075cc        0x4 c:/st/stm32cubeide_1.7.0/stm32cubeide/plugins/com.st.stm32cube.ide.mcu.externaltools.gnu-tools-for-stm32.9-2020-q2-update.win32_2.0.0.202105311346/tools/bin/../lib/gcc/arm-none-eabi/9.3.1/thumb/v7e-m+dp/hard/crtbegin.o
                0x00000000080075d0                PROVIDE (__init_array_end = .)
                0x00000000080075d0                . = ALIGN (0x4)

.fini_array     0x00000000080075d0        0x4
                0x00000000080075d0                . = ALIGN (0x4)
                [!provide]                        PROVIDE (__fini_array_start = .)
 *(SORT_BY_NAME(.fini_array.*))
 *(.fini_array*)
 .fini_array    0x00000000080075d0        0x4 c:/st/stm32cubeide_1.7.0/stm32cubeide/plugins/com.st.stm32cube.ide.mcu.externaltools.gnu-tools-for-stm32.9-2020-q2-update.win32_2.0.0.202105311346/tools/bin/../lib/gcc/arm-none-eabi/9.3.1/thumb/v7e-m+dp/hard/crtbegin.o
                [!provide]                        PROVIDE (__fini_array_end = .)
                0x00000000080075d4                . = ALIGN (0x4)
                0x00000000080075d4                _sidata = LOADADDR (.data)

.data           0x0000000020000000       0x74 load address 0x00000000080075d4
                0x0000000020000000                . = ALIGN (0x4)
                0x0000000020000000                _sdata = .
 *(.data)
 *(.data*)
 .data.SystemCoreClock
                0x0000000020000000        0x4 ./Core/Src/system_stm32f7xx.o
                0x0000000020000000                SystemCoreClock
 .data.uwTickPrio
                0x0000000020000004        0x4 ./Drivers/STM32F7xx_HAL_Driver/Src/stm32f7xx_hal.o
                0x0000000020000004                uwTickPrio
 .data.uwTickFreq
                0x0000000020000008        0x1 ./Drivers/STM32F7xx_HAL_Driver/Src/stm32f7xx_hal.o
                0x0000000020000008                uwTickFreq
 *fill*         0x0000000020000009        0x3 
 .data.uxCriticalNesting
                0x000000002000000c        0x4 ./Middlewares/Third_Party/FreeRTOS/Source/portable/GCC/ARM_CM7/r0p1/port.o
 .data._impure_ptr
                0x0000000020000010        0x4 c:/st/stm32cubeide_1.7.0/stm32cubeide/plugins/com.st.stm32cube.ide.mcu.externaltools.gnu-tools-for-stm32.9-2020-q2-update.win32_2.0.0.202105311346/tools/bin/../lib/gcc/arm-none-eabi/9.3.1/../../../../arm-none-eabi/lib/thumb/v7e-m+dp/hard\libc_nano.a(lib_a-impure.o)
                0x0000000020000010                _impure_ptr
 .data.impure_data
                0x0000000020000014       0x60 c:/st/stm32cubeide_1.7.0/stm32cubeide/plugins/com.st.stm32cube.ide.mcu.externaltools.gnu-tools-for-stm32.9-2020-q2-update.win32_2.0.0.202105311346/tools/bin/../lib/gcc/arm-none-eabi/9.3.1/../../../../arm-none-eabi/lib/thumb/v7e-m+dp/hard\libc_nano.a(lib_a-impure.o)
 *(.RamFunc)
 *(.RamFunc*)
                0x0000000020000074                . = ALIGN (0x4)
                0x0000000020000074                _edata = .

.igot.plt       0x0000000020000074        0x0 load address 0x0000000008007648
 .igot.plt      0x0000000020000074        0x0 c:/st/stm32cubeide_1.7.0/stm32cubeide/plugins/com.st.stm32cube.ide.mcu.externaltools.gnu-tools-for-stm32.9-2020-q2-update.win32_2.0.0.202105311346/tools/bin/../lib/gcc/arm-none-eabi/9.3.1/thumb/v7e-m+dp/hard/crtbegin.o
                0x0000000020000074                . = ALIGN (0x4)

.bss            0x0000000020000074     0x3e08 load address 0x0000000008007648
                0x0000000020000074                _sbss = .
                0x0000000020000074                __bss_start__ = _sbss
 *(.bss)
 .bss           0x0000000020000074       0x1c c:/st/stm32cubeide_1.7.0/stm32cubeide/plugins/com.st.stm32cube.ide.mcu.externaltools.gnu-tools-for-stm32.9-2020-q2-update.win32_2.0.0.202105311346/tools/bin/../lib/gcc/arm-none-eabi/9.3.1/thumb/v7e-m+dp/hard/crtbegin.o
 *(.bss*)
 .bss.RollCmdQueue
                0x0000000020000090        0x4 ./Core/Src/main.o
 .bss.__sbrk_heap_end
                0x0000000020000094        0x4 ./Core/Src/sysmem.o
 .bss.pxCurrentTCB
                0x0000000020000098        0x4 ./Middlewares/Third_Party/FreeRTOS/Source/tasks.o
                0x0000000020000098                pxCurrentTCB
 .bss.pxReadyTasksLists
                0x000000002000009c       0x8c ./Middlewares/Third_Party/FreeRTOS/Source/tasks.o
 .bss.xDelayedTaskList1
                0x0000000020000128       0x14 ./Middlewares/Third_Party/FreeRTOS/Source/tasks.o
 .bss.xDelayedTaskList2
                0x000000002000013c       0x14 ./Middlewares/Third_Party/FreeRTOS/Source/tasks.o
 .bss.pxDelayedTaskList
                0x0000000020000150        0x4 ./Middlewares/Third_Party/FreeRTOS/Source/tasks.o
 .bss.pxOverflowDelayedTaskList
                0x0000000020000154        0x4 ./Middlewares/Third_Party/FreeRTOS/Source/tasks.o
 .bss.xPendingReadyList
                0x0000000020000158       0x14 ./Middlewares/Third_Party/FreeRTOS/Source/tasks.o
 .bss.xTasksWaitingTermination
                0x000000002000016c       0x14 ./Middlewares/Third_Party/FreeRTOS/Source/tasks.o
 .bss.xSuspendedTaskList
                0x0000000020000180       0x14 ./Middlewares/Third_Party/FreeRTOS/Source/tasks.o
 .bss.uxCurrentNumberOfTasks
                0x0000000020000194        0x4 ./Middlewares/Third_Party/FreeRTOS/Source/tasks.o
 .bss.xTickCount
                0x0000000020000198        0x4 ./Middlewares/Third_Party/FreeRTOS/Source/tasks.o
 .bss.uxTopReadyPriority
                0x000000002000019c        0x4 ./Middlewares/Third_Party/FreeRTOS/Source/tasks.o
 .bss.xSchedulerRunning
                0x00000000200001a0        0x4 ./Middlewares/Third_Party/FreeRTOS/Source/tasks.o
 .bss.uxPendedTicks
                0x00000000200001a4        0x4 ./Middlewares/Third_Party/FreeRTOS/Source/tasks.o
 .bss.xYieldPending
                0x00000000200001a8        0x4 ./Middlewares/Third_Party/FreeRTOS/Source/tasks.o
 .bss.xNumOfOverflows
                0x00000000200001ac        0x4 ./Middlewares/Third_Party/FreeRTOS/Source/tasks.o
 .bss.uxTaskNumber
                0x00000000200001b0        0x4 ./Middlewares/Third_Party/FreeRTOS/Source/tasks.o
 .bss.xNextTaskUnblockTime
                0x00000000200001b4        0x4 ./Middlewares/Third_Party/FreeRTOS/Source/tasks.o
 .bss.uxSchedulerSuspended
                0x00000000200001b8        0x4 ./Middlewares/Third_Party/FreeRTOS/Source/tasks.o
 .bss.ucHeap    0x00000000200001bc     0x3c00 ./Middlewares/Third_Party/FreeRTOS/Source/portable/MemMang/heap_4.o
 .bss.xStart    0x0000000020003dbc        0x8 ./Middlewares/Third_Party/FreeRTOS/Source/portable/MemMang/heap_4.o
 .bss.pxEnd     0x0000000020003dc4        0x4 ./Middlewares/Third_Party/FreeRTOS/Source/portable/MemMang/heap_4.o
 .bss.xFreeBytesRemaining
                0x0000000020003dc8        0x4 ./Middlewares/Third_Party/FreeRTOS/Source/portable/MemMang/heap_4.o
 .bss.xMinimumEverFreeBytesRemaining
                0x0000000020003dcc        0x4 ./Middlewares/Third_Party/FreeRTOS/Source/portable/MemMang/heap_4.o
 .bss.xBlockAllocatedBit
                0x0000000020003dd0        0x4 ./Middlewares/Third_Party/FreeRTOS/Source/portable/MemMang/heap_4.o
 .bss.__malloc_free_list
                0x0000000020003dd4        0x4 c:/st/stm32cubeide_1.7.0/stm32cubeide/plugins/com.st.stm32cube.ide.mcu.externaltools.gnu-tools-for-stm32.9-2020-q2-update.win32_2.0.0.202105311346/tools/bin/../lib/gcc/arm-none-eabi/9.3.1/../../../../arm-none-eabi/lib/thumb/v7e-m+dp/hard\libc_nano.a(lib_a-nano-mallocr.o)
                0x0000000020003dd4                __malloc_free_list
 .bss.__malloc_sbrk_start
                0x0000000020003dd8        0x4 c:/st/stm32cubeide_1.7.0/stm32cubeide/plugins/com.st.stm32cube.ide.mcu.externaltools.gnu-tools-for-stm32.9-2020-q2-update.win32_2.0.0.202105311346/tools/bin/../lib/gcc/arm-none-eabi/9.3.1/../../../../arm-none-eabi/lib/thumb/v7e-m+dp/hard\libc_nano.a(lib_a-nano-mallocr.o)
                0x0000000020003dd8                __malloc_sbrk_start
 *(COMMON)
 COMMON         0x0000000020003ddc        0x4 ./Core/Src/freertos.o
                0x0000000020003ddc                defaultTaskHandle
 COMMON         0x0000000020003de0        0x1 ./Core/Src/main.o
                0x0000000020003de0                rec_BLE
 *fill*         0x0000000020003de1        0x3 
 COMMON         0x0000000020003de4       0x84 ./Core/Src/usart.o
                0x0000000020003de4                huart6
 COMMON         0x0000000020003e68        0x4 ./Drivers/STM32F7xx_HAL_Driver/Src/stm32f7xx_hal.o
                0x0000000020003e68                uwTick
 COMMON         0x0000000020003e6c        0x4 c:/st/stm32cubeide_1.7.0/stm32cubeide/plugins/com.st.stm32cube.ide.mcu.externaltools.gnu-tools-for-stm32.9-2020-q2-update.win32_2.0.0.202105311346/tools/bin/../lib/gcc/arm-none-eabi/9.3.1/../../../../arm-none-eabi/lib/thumb/v7e-m+dp/hard\libc_nano.a(lib_a-reent.o)
                0x0000000020003e6c                errno
 COMMON         0x0000000020003e70        0x9 c:/st/stm32cubeide_1.7.0/stm32cubeide/plugins/com.st.stm32cube.ide.mcu.externaltools.gnu-tools-for-stm32.9-2020-q2-update.win32_2.0.0.202105311346/tools/bin/../lib/gcc/arm-none-eabi/9.3.1/../../../../arm-none-eabi/lib/thumb/v7e-m+dp/hard\libc_nano.a(lib_a-lock.o)
                0x0000000020003e70                __lock___atexit_recursive_mutex
                0x0000000020003e71                __lock___arc4random_mutex
                0x0000000020003e72                __lock___env_recursive_mutex
                0x0000000020003e73                __lock___sinit_recursive_mutex
                0x0000000020003e74                __lock___malloc_recursive_mutex
                0x0000000020003e75                __lock___at_quick_exit_mutex
                0x0000000020003e76                __lock___dd_hash_mutex
                0x0000000020003e77                __lock___tz_mutex
                0x0000000020003e78                __lock___sfp_recursive_mutex
                0x0000000020003e7c                . = ALIGN (0x4)
 *fill*         0x0000000020003e79        0x3 
                0x0000000020003e7c                _ebss = .
                0x0000000020003e7c                __bss_end__ = _ebss

._user_heap_stack
                0x0000000020003e7c      0x604 load address 0x0000000008007648
                0x0000000020003e80                . = ALIGN (0x8)
 *fill*         0x0000000020003e7c        0x4 
                [!provide]                        PROVIDE (end = .)
                0x0000000020003e80                PROVIDE (_end = .)
                0x0000000020004080                . = (. + _Min_Heap_Size)
 *fill*         0x0000000020003e80      0x200 
                0x0000000020004480                . = (. + _Min_Stack_Size)
 *fill*         0x0000000020004080      0x400 
                0x0000000020004480                . = ALIGN (0x8)

/DISCARD/
 libc.a(*)
 libm.a(*)
 libgcc.a(*)

.ARM.attributes
                0x0000000000000000       0x2e
 *(.ARM.attributes)
 .ARM.attributes
                0x0000000000000000       0x1e c:/st/stm32cubeide_1.7.0/stm32cubeide/plugins/com.st.stm32cube.ide.mcu.externaltools.gnu-tools-for-stm32.9-2020-q2-update.win32_2.0.0.202105311346/tools/bin/../lib/gcc/arm-none-eabi/9.3.1/thumb/v7e-m+dp/hard/crti.o
 .ARM.attributes
                0x000000000000001e       0x32 c:/st/stm32cubeide_1.7.0/stm32cubeide/plugins/com.st.stm32cube.ide.mcu.externaltools.gnu-tools-for-stm32.9-2020-q2-update.win32_2.0.0.202105311346/tools/bin/../lib/gcc/arm-none-eabi/9.3.1/thumb/v7e-m+dp/hard/crtbegin.o
 .ARM.attributes
                0x0000000000000050       0x32 ./Core/Src/freertos.o
 .ARM.attributes
                0x0000000000000082       0x32 ./Core/Src/gpio.o
 .ARM.attributes
                0x00000000000000b4       0x32 ./Core/Src/i2c-lcd.o
 .ARM.attributes
                0x00000000000000e6       0x32 ./Core/Src/i2c.o
 .ARM.attributes
                0x0000000000000118       0x32 ./Core/Src/main.o
 .ARM.attributes
                0x000000000000014a       0x32 ./Core/Src/stm32f7xx_hal_msp.o
 .ARM.attributes
                0x000000000000017c       0x32 ./Core/Src/stm32f7xx_it.o
 .ARM.attributes
                0x00000000000001ae       0x32 ./Core/Src/sysmem.o
 .ARM.attributes
                0x00000000000001e0       0x32 ./Core/Src/system_stm32f7xx.o
 .ARM.attributes
                0x0000000000000212       0x32 ./Core/Src/tim.o
 .ARM.attributes
                0x0000000000000244       0x32 ./Core/Src/usart.o
 .ARM.attributes
                0x0000000000000276       0x21 ./Core/Startup/startup_stm32f767zitx.o
 .ARM.attributes
                0x0000000000000297       0x32 ./Drivers/STM32F7xx_HAL_Driver/Src/stm32f7xx_hal.o
 .ARM.attributes
                0x00000000000002c9       0x32 ./Drivers/STM32F7xx_HAL_Driver/Src/stm32f7xx_hal_cortex.o
 .ARM.attributes
                0x00000000000002fb       0x32 ./Drivers/STM32F7xx_HAL_Driver/Src/stm32f7xx_hal_gpio.o
 .ARM.attributes
                0x000000000000032d       0x32 ./Drivers/STM32F7xx_HAL_Driver/Src/stm32f7xx_hal_rcc.o
 .ARM.attributes
                0x000000000000035f       0x32 ./Drivers/STM32F7xx_HAL_Driver/Src/stm32f7xx_hal_uart.o
 .ARM.attributes
                0x0000000000000391       0x32 ./Drivers/STM32F7xx_HAL_Driver/Src/stm32f7xx_ll_gpio.o
 .ARM.attributes
                0x00000000000003c3       0x32 ./Drivers/STM32F7xx_HAL_Driver/Src/stm32f7xx_ll_i2c.o
 .ARM.attributes
                0x00000000000003f5       0x32 ./Drivers/STM32F7xx_HAL_Driver/Src/stm32f7xx_ll_rcc.o
 .ARM.attributes
                0x0000000000000427       0x32 ./Drivers/STM32F7xx_HAL_Driver/Src/stm32f7xx_ll_tim.o
 .ARM.attributes
                0x0000000000000459       0x32 ./Drivers/STM32F7xx_HAL_Driver/Src/stm32f7xx_ll_usart.o
 .ARM.attributes
                0x000000000000048b       0x32 ./Drivers/STM32F7xx_HAL_Driver/Src/stm32f7xx_ll_utils.o
 .ARM.attributes
                0x00000000000004bd       0x32 ./Middlewares/Third_Party/FreeRTOS/Source/CMSIS_RTOS/cmsis_os.o
 .ARM.attributes
                0x00000000000004ef       0x32 ./Middlewares/Third_Party/FreeRTOS/Source/list.o
 .ARM.attributes
                0x0000000000000521       0x32 ./Middlewares/Third_Party/FreeRTOS/Source/queue.o
 .ARM.attributes
                0x0000000000000553       0x32 ./Middlewares/Third_Party/FreeRTOS/Source/tasks.o
 .ARM.attributes
                0x0000000000000585       0x32 ./Middlewares/Third_Party/FreeRTOS/Source/portable/GCC/ARM_CM7/r0p1/port.o
 .ARM.attributes
                0x00000000000005b7       0x32 ./Middlewares/Third_Party/FreeRTOS/Source/portable/MemMang/heap_4.o
 .ARM.attributes
                0x00000000000005e9       0x32 c:/st/stm32cubeide_1.7.0/stm32cubeide/plugins/com.st.stm32cube.ide.mcu.externaltools.gnu-tools-for-stm32.9-2020-q2-update.win32_2.0.0.202105311346/tools/bin/../lib/gcc/arm-none-eabi/9.3.1/../../../../arm-none-eabi/lib/thumb/v7e-m+dp/hard\libc_nano.a(lib_a-errno.o)
 .ARM.attributes
                0x000000000000061b       0x30 c:/st/stm32cubeide_1.7.0/stm32cubeide/plugins/com.st.stm32cube.ide.mcu.externaltools.gnu-tools-for-stm32.9-2020-q2-update.win32_2.0.0.202105311346/tools/bin/../lib/gcc/arm-none-eabi/9.3.1/../../../../arm-none-eabi/lib/thumb/v7e-m+dp/hard\libc_nano.a(lib_a-impure.o)
 .ARM.attributes
                0x000000000000064b       0x32 c:/st/stm32cubeide_1.7.0/stm32cubeide/plugins/com.st.stm32cube.ide.mcu.externaltools.gnu-tools-for-stm32.9-2020-q2-update.win32_2.0.0.202105311346/tools/bin/../lib/gcc/arm-none-eabi/9.3.1/../../../../arm-none-eabi/lib/thumb/v7e-m+dp/hard\libc_nano.a(lib_a-init.o)
 .ARM.attributes
                0x000000000000067d       0x32 c:/st/stm32cubeide_1.7.0/stm32cubeide/plugins/com.st.stm32cube.ide.mcu.externaltools.gnu-tools-for-stm32.9-2020-q2-update.win32_2.0.0.202105311346/tools/bin/../lib/gcc/arm-none-eabi/9.3.1/../../../../arm-none-eabi/lib/thumb/v7e-m+dp/hard\libc_nano.a(lib_a-memcpy-stub.o)
 .ARM.attributes
                0x00000000000006af       0x32 c:/st/stm32cubeide_1.7.0/stm32cubeide/plugins/com.st.stm32cube.ide.mcu.externaltools.gnu-tools-for-stm32.9-2020-q2-update.win32_2.0.0.202105311346/tools/bin/../lib/gcc/arm-none-eabi/9.3.1/../../../../arm-none-eabi/lib/thumb/v7e-m+dp/hard\libc_nano.a(lib_a-memset.o)
 .ARM.attributes
                0x00000000000006e1       0x32 c:/st/stm32cubeide_1.7.0/stm32cubeide/plugins/com.st.stm32cube.ide.mcu.externaltools.gnu-tools-for-stm32.9-2020-q2-update.win32_2.0.0.202105311346/tools/bin/../lib/gcc/arm-none-eabi/9.3.1/../../../../arm-none-eabi/lib/thumb/v7e-m+dp/hard\libc_nano.a(lib_a-sprintf.o)
 .ARM.attributes
                0x0000000000000713       0x32 c:/st/stm32cubeide_1.7.0/stm32cubeide/plugins/com.st.stm32cube.ide.mcu.externaltools.gnu-tools-for-stm32.9-2020-q2-update.win32_2.0.0.202105311346/tools/bin/../lib/gcc/arm-none-eabi/9.3.1/../../../../arm-none-eabi/lib/thumb/v7e-m+dp/hard\libc_nano.a(lib_a-nano-svfprintf.o)
 .ARM.attributes
                0x0000000000000745       0x32 c:/st/stm32cubeide_1.7.0/stm32cubeide/plugins/com.st.stm32cube.ide.mcu.externaltools.gnu-tools-for-stm32.9-2020-q2-update.win32_2.0.0.202105311346/tools/bin/../lib/gcc/arm-none-eabi/9.3.1/../../../../arm-none-eabi/lib/thumb/v7e-m+dp/hard\libc_nano.a(lib_a-nano-vfprintf_i.o)
 .ARM.attributes
                0x0000000000000777       0x1c c:/st/stm32cubeide_1.7.0/stm32cubeide/plugins/com.st.stm32cube.ide.mcu.externaltools.gnu-tools-for-stm32.9-2020-q2-update.win32_2.0.0.202105311346/tools/bin/../lib/gcc/arm-none-eabi/9.3.1/../../../../arm-none-eabi/lib/thumb/v7e-m+dp/hard\libc_nano.a(lib_a-memchr.o)
 .ARM.attributes
                0x0000000000000793       0x32 c:/st/stm32cubeide_1.7.0/stm32cubeide/plugins/com.st.stm32cube.ide.mcu.externaltools.gnu-tools-for-stm32.9-2020-q2-update.win32_2.0.0.202105311346/tools/bin/../lib/gcc/arm-none-eabi/9.3.1/../../../../arm-none-eabi/lib/thumb/v7e-m+dp/hard\libc_nano.a(lib_a-memmove.o)
 .ARM.attributes
                0x00000000000007c5       0x32 c:/st/stm32cubeide_1.7.0/stm32cubeide/plugins/com.st.stm32cube.ide.mcu.externaltools.gnu-tools-for-stm32.9-2020-q2-update.win32_2.0.0.202105311346/tools/bin/../lib/gcc/arm-none-eabi/9.3.1/../../../../arm-none-eabi/lib/thumb/v7e-m+dp/hard\libc_nano.a(lib_a-nano-freer.o)
 .ARM.attributes
                0x00000000000007f7       0x32 c:/st/stm32cubeide_1.7.0/stm32cubeide/plugins/com.st.stm32cube.ide.mcu.externaltools.gnu-tools-for-stm32.9-2020-q2-update.win32_2.0.0.202105311346/tools/bin/../lib/gcc/arm-none-eabi/9.3.1/../../../../arm-none-eabi/lib/thumb/v7e-m+dp/hard\libc_nano.a(lib_a-nano-mallocr.o)
 .ARM.attributes
                0x0000000000000829       0x32 c:/st/stm32cubeide_1.7.0/stm32cubeide/plugins/com.st.stm32cube.ide.mcu.externaltools.gnu-tools-for-stm32.9-2020-q2-update.win32_2.0.0.202105311346/tools/bin/../lib/gcc/arm-none-eabi/9.3.1/../../../../arm-none-eabi/lib/thumb/v7e-m+dp/hard\libc_nano.a(lib_a-nano-reallocr.o)
 .ARM.attributes
                0x000000000000085b       0x32 c:/st/stm32cubeide_1.7.0/stm32cubeide/plugins/com.st.stm32cube.ide.mcu.externaltools.gnu-tools-for-stm32.9-2020-q2-update.win32_2.0.0.202105311346/tools/bin/../lib/gcc/arm-none-eabi/9.3.1/../../../../arm-none-eabi/lib/thumb/v7e-m+dp/hard\libc_nano.a(lib_a-sbrkr.o)
 .ARM.attributes
                0x000000000000088d       0x32 c:/st/stm32cubeide_1.7.0/stm32cubeide/plugins/com.st.stm32cube.ide.mcu.externaltools.gnu-tools-for-stm32.9-2020-q2-update.win32_2.0.0.202105311346/tools/bin/../lib/gcc/arm-none-eabi/9.3.1/../../../../arm-none-eabi/lib/thumb/v7e-m+dp/hard\libc_nano.a(lib_a-mlock.o)
 .ARM.attributes
                0x00000000000008bf       0x32 c:/st/stm32cubeide_1.7.0/stm32cubeide/plugins/com.st.stm32cube.ide.mcu.externaltools.gnu-tools-for-stm32.9-2020-q2-update.win32_2.0.0.202105311346/tools/bin/../lib/gcc/arm-none-eabi/9.3.1/../../../../arm-none-eabi/lib/thumb/v7e-m+dp/hard\libc_nano.a(lib_a-nano-msizer.o)
 .ARM.attributes
                0x00000000000008f1       0x32 c:/st/stm32cubeide_1.7.0/stm32cubeide/plugins/com.st.stm32cube.ide.mcu.externaltools.gnu-tools-for-stm32.9-2020-q2-update.win32_2.0.0.202105311346/tools/bin/../lib/gcc/arm-none-eabi/9.3.1/../../../../arm-none-eabi/lib/thumb/v7e-m+dp/hard\libc_nano.a(lib_a-reent.o)
 .ARM.attributes
                0x0000000000000923       0x32 c:/st/stm32cubeide_1.7.0/stm32cubeide/plugins/com.st.stm32cube.ide.mcu.externaltools.gnu-tools-for-stm32.9-2020-q2-update.win32_2.0.0.202105311346/tools/bin/../lib/gcc/arm-none-eabi/9.3.1/../../../../arm-none-eabi/lib/thumb/v7e-m+dp/hard\libc_nano.a(lib_a-lock.o)
 .ARM.attributes
                0x0000000000000955       0x1e c:/st/stm32cubeide_1.7.0/stm32cubeide/plugins/com.st.stm32cube.ide.mcu.externaltools.gnu-tools-for-stm32.9-2020-q2-update.win32_2.0.0.202105311346/tools/bin/../lib/gcc/arm-none-eabi/9.3.1/thumb/v7e-m+dp/hard\libgcc.a(_aeabi_uldivmod.o)
 .ARM.attributes
                0x0000000000000973       0x32 c:/st/stm32cubeide_1.7.0/stm32cubeide/plugins/com.st.stm32cube.ide.mcu.externaltools.gnu-tools-for-stm32.9-2020-q2-update.win32_2.0.0.202105311346/tools/bin/../lib/gcc/arm-none-eabi/9.3.1/thumb/v7e-m+dp/hard\libgcc.a(_udivmoddi4.o)
 .ARM.attributes
                0x00000000000009a5       0x1e c:/st/stm32cubeide_1.7.0/stm32cubeide/plugins/com.st.stm32cube.ide.mcu.externaltools.gnu-tools-for-stm32.9-2020-q2-update.win32_2.0.0.202105311346/tools/bin/../lib/gcc/arm-none-eabi/9.3.1/thumb/v7e-m+dp/hard\libgcc.a(_dvmd_tls.o)
 .ARM.attributes
                0x00000000000009c3       0x1e c:/st/stm32cubeide_1.7.0/stm32cubeide/plugins/com.st.stm32cube.ide.mcu.externaltools.gnu-tools-for-stm32.9-2020-q2-update.win32_2.0.0.202105311346/tools/bin/../lib/gcc/arm-none-eabi/9.3.1/thumb/v7e-m+dp/hard/crtn.o
OUTPUT(MID_PROJ.elf elf32-littlearm)
LOAD linker stubs
LOAD c:/st/stm32cubeide_1.7.0/stm32cubeide/plugins/com.st.stm32cube.ide.mcu.externaltools.gnu-tools-for-stm32.9-2020-q2-update.win32_2.0.0.202105311346/tools/bin/../lib/gcc/arm-none-eabi/9.3.1/../../../../arm-none-eabi/lib/thumb/v7e-m+dp/hard\libc.a
LOAD c:/st/stm32cubeide_1.7.0/stm32cubeide/plugins/com.st.stm32cube.ide.mcu.externaltools.gnu-tools-for-stm32.9-2020-q2-update.win32_2.0.0.202105311346/tools/bin/../lib/gcc/arm-none-eabi/9.3.1/../../../../arm-none-eabi/lib/thumb/v7e-m+dp/hard\libm.a
LOAD c:/st/stm32cubeide_1.7.0/stm32cubeide/plugins/com.st.stm32cube.ide.mcu.externaltools.gnu-tools-for-stm32.9-2020-q2-update.win32_2.0.0.202105311346/tools/bin/../lib/gcc/arm-none-eabi/9.3.1/thumb/v7e-m+dp/hard\libgcc.a

.debug_info     0x0000000000000000    0x186e5
 .debug_info    0x0000000000000000      0x5a1 ./Core/Src/freertos.o
 .debug_info    0x00000000000005a1      0x5c4 ./Core/Src/gpio.o
 .debug_info    0x0000000000000b65      0x544 ./Core/Src/i2c-lcd.o
 .debug_info    0x00000000000010a9      0x813 ./Core/Src/i2c.o
 .debug_info    0x00000000000018bc     0x2c7d ./Core/Src/main.o
 .debug_info    0x0000000000004539      0x72d ./Core/Src/stm32f7xx_hal_msp.o
 .debug_info    0x0000000000004c66      0x2b9 ./Core/Src/stm32f7xx_it.o
 .debug_info    0x0000000000004f1f      0xa25 ./Core/Src/sysmem.o
 .debug_info    0x0000000000005944      0x7ad ./Core/Src/system_stm32f7xx.o
 .debug_info    0x00000000000060f1      0x996 ./Core/Src/tim.o
 .debug_info    0x0000000000006a87      0xd88 ./Core/Src/usart.o
 .debug_info    0x000000000000780f       0x22 ./Core/Startup/startup_stm32f767zitx.o
 .debug_info    0x0000000000007831      0xab8 ./Drivers/STM32F7xx_HAL_Driver/Src/stm32f7xx_hal.o
 .debug_info    0x00000000000082e9     0x1158 ./Drivers/STM32F7xx_HAL_Driver/Src/stm32f7xx_hal_cortex.o
 .debug_info    0x0000000000009441      0x876 ./Drivers/STM32F7xx_HAL_Driver/Src/stm32f7xx_hal_gpio.o
 .debug_info    0x0000000000009cb7      0xa28 ./Drivers/STM32F7xx_HAL_Driver/Src/stm32f7xx_hal_rcc.o
 .debug_info    0x000000000000a6df     0x1974 ./Drivers/STM32F7xx_HAL_Driver/Src/stm32f7xx_hal_uart.o
 .debug_info    0x000000000000c053      0x946 ./Drivers/STM32F7xx_HAL_Driver/Src/stm32f7xx_ll_gpio.o
 .debug_info    0x000000000000c999      0x787 ./Drivers/STM32F7xx_HAL_Driver/Src/stm32f7xx_ll_i2c.o
 .debug_info    0x000000000000d120      0xf21 ./Drivers/STM32F7xx_HAL_Driver/Src/stm32f7xx_ll_rcc.o
 .debug_info    0x000000000000e041     0x122f ./Drivers/STM32F7xx_HAL_Driver/Src/stm32f7xx_ll_tim.o
 .debug_info    0x000000000000f270      0x85e ./Drivers/STM32F7xx_HAL_Driver/Src/stm32f7xx_ll_usart.o
 .debug_info    0x000000000000face      0xa83 ./Drivers/STM32F7xx_HAL_Driver/Src/stm32f7xx_ll_utils.o
 .debug_info    0x0000000000010551     0x203a ./Middlewares/Third_Party/FreeRTOS/Source/CMSIS_RTOS/cmsis_os.o
 .debug_info    0x000000000001258b      0xb82 ./Middlewares/Third_Party/FreeRTOS/Source/list.o
 .debug_info    0x000000000001310d     0x1fea ./Middlewares/Third_Party/FreeRTOS/Source/queue.o
 .debug_info    0x00000000000150f7     0x24c3 ./Middlewares/Third_Party/FreeRTOS/Source/tasks.o
 .debug_info    0x00000000000175ba      0x4b4 ./Middlewares/Third_Party/FreeRTOS/Source/portable/GCC/ARM_CM7/r0p1/port.o
 .debug_info    0x0000000000017a6e      0xc77 ./Middlewares/Third_Party/FreeRTOS/Source/portable/MemMang/heap_4.o

.debug_abbrev   0x0000000000000000     0x3d23
 .debug_abbrev  0x0000000000000000      0x173 ./Core/Src/freertos.o
 .debug_abbrev  0x0000000000000173      0x199 ./Core/Src/gpio.o
 .debug_abbrev  0x000000000000030c      0x1af ./Core/Src/i2c-lcd.o
 .debug_abbrev  0x00000000000004bb      0x199 ./Core/Src/i2c.o
 .debug_abbrev  0x0000000000000654      0x3d9 ./Core/Src/main.o
 .debug_abbrev  0x0000000000000a2d      0x126 ./Core/Src/stm32f7xx_hal_msp.o
 .debug_abbrev  0x0000000000000b53       0xe3 ./Core/Src/stm32f7xx_it.o
 .debug_abbrev  0x0000000000000c36      0x1bf ./Core/Src/sysmem.o
 .debug_abbrev  0x0000000000000df5      0x165 ./Core/Src/system_stm32f7xx.o
 .debug_abbrev  0x0000000000000f5a      0x199 ./Core/Src/tim.o
 .debug_abbrev  0x00000000000010f3      0x20f ./Core/Src/usart.o
 .debug_abbrev  0x0000000000001302       0x12 ./Core/Startup/startup_stm32f767zitx.o
 .debug_abbrev  0x0000000000001314      0x1ed ./Drivers/STM32F7xx_HAL_Driver/Src/stm32f7xx_hal.o
 .debug_abbrev  0x0000000000001501      0x33c ./Drivers/STM32F7xx_HAL_Driver/Src/stm32f7xx_hal_cortex.o
 .debug_abbrev  0x000000000000183d      0x1f1 ./Drivers/STM32F7xx_HAL_Driver/Src/stm32f7xx_hal_gpio.o
 .debug_abbrev  0x0000000000001a2e      0x29c ./Drivers/STM32F7xx_HAL_Driver/Src/stm32f7xx_hal_rcc.o
 .debug_abbrev  0x0000000000001cca      0x23f ./Drivers/STM32F7xx_HAL_Driver/Src/stm32f7xx_hal_uart.o
 .debug_abbrev  0x0000000000001f09      0x23b ./Drivers/STM32F7xx_HAL_Driver/Src/stm32f7xx_ll_gpio.o
 .debug_abbrev  0x0000000000002144      0x1a6 ./Drivers/STM32F7xx_HAL_Driver/Src/stm32f7xx_ll_i2c.o
 .debug_abbrev  0x00000000000022ea      0x1fa ./Drivers/STM32F7xx_HAL_Driver/Src/stm32f7xx_ll_rcc.o
 .debug_abbrev  0x00000000000024e4      0x22b ./Drivers/STM32F7xx_HAL_Driver/Src/stm32f7xx_ll_tim.o
 .debug_abbrev  0x000000000000270f      0x1d7 ./Drivers/STM32F7xx_HAL_Driver/Src/stm32f7xx_ll_usart.o
 .debug_abbrev  0x00000000000028e6      0x26a ./Drivers/STM32F7xx_HAL_Driver/Src/stm32f7xx_ll_utils.o
 .debug_abbrev  0x0000000000002b50      0x3c2 ./Middlewares/Third_Party/FreeRTOS/Source/CMSIS_RTOS/cmsis_os.o
 .debug_abbrev  0x0000000000002f12      0x1f7 ./Middlewares/Third_Party/FreeRTOS/Source/list.o
 .debug_abbrev  0x0000000000003109      0x380 ./Middlewares/Third_Party/FreeRTOS/Source/queue.o
 .debug_abbrev  0x0000000000003489      0x380 ./Middlewares/Third_Party/FreeRTOS/Source/tasks.o
 .debug_abbrev  0x0000000000003809      0x247 ./Middlewares/Third_Party/FreeRTOS/Source/portable/GCC/ARM_CM7/r0p1/port.o
 .debug_abbrev  0x0000000000003a50      0x2d3 ./Middlewares/Third_Party/FreeRTOS/Source/portable/MemMang/heap_4.o

.debug_aranges  0x0000000000000000     0x1598
 .debug_aranges
                0x0000000000000000       0x30 ./Core/Src/freertos.o
 .debug_aranges
                0x0000000000000030       0x30 ./Core/Src/gpio.o
 .debug_aranges
                0x0000000000000060       0x60 ./Core/Src/i2c-lcd.o
 .debug_aranges
                0x00000000000000c0       0x60 ./Core/Src/i2c.o
 .debug_aranges
                0x0000000000000120      0x200 ./Core/Src/main.o
 .debug_aranges
                0x0000000000000320       0x20 ./Core/Src/stm32f7xx_hal_msp.o
 .debug_aranges
                0x0000000000000340       0x50 ./Core/Src/stm32f7xx_it.o
 .debug_aranges
                0x0000000000000390       0x20 ./Core/Src/sysmem.o
 .debug_aranges
                0x00000000000003b0       0x28 ./Core/Src/system_stm32f7xx.o
 .debug_aranges
                0x00000000000003d8       0x58 ./Core/Src/tim.o
 .debug_aranges
                0x0000000000000430       0x58 ./Core/Src/usart.o
 .debug_aranges
                0x0000000000000488       0x28 ./Core/Startup/startup_stm32f767zitx.o
 .debug_aranges
                0x00000000000004b0      0x110 ./Drivers/STM32F7xx_HAL_Driver/Src/stm32f7xx_hal.o
 .debug_aranges
                0x00000000000005c0      0x118 ./Drivers/STM32F7xx_HAL_Driver/Src/stm32f7xx_hal_cortex.o
 .debug_aranges
                0x00000000000006d8       0x58 ./Drivers/STM32F7xx_HAL_Driver/Src/stm32f7xx_hal_gpio.o
 .debug_aranges
                0x0000000000000730       0x88 ./Drivers/STM32F7xx_HAL_Driver/Src/stm32f7xx_hal_rcc.o
 .debug_aranges
                0x00000000000007b8      0x230 ./Drivers/STM32F7xx_HAL_Driver/Src/stm32f7xx_hal_uart.o
 .debug_aranges
                0x00000000000009e8       0x70 ./Drivers/STM32F7xx_HAL_Driver/Src/stm32f7xx_ll_gpio.o
 .debug_aranges
                0x0000000000000a58       0x88 ./Drivers/STM32F7xx_HAL_Driver/Src/stm32f7xx_ll_i2c.o
 .debug_aranges
                0x0000000000000ae0      0x248 ./Drivers/STM32F7xx_HAL_Driver/Src/stm32f7xx_ll_rcc.o
 .debug_aranges
                0x0000000000000d28      0x148 ./Drivers/STM32F7xx_HAL_Driver/Src/stm32f7xx_ll_tim.o
 .debug_aranges
                0x0000000000000e70       0x88 ./Drivers/STM32F7xx_HAL_Driver/Src/stm32f7xx_ll_usart.o
 .debug_aranges
                0x0000000000000ef8      0x108 ./Drivers/STM32F7xx_HAL_Driver/Src/stm32f7xx_ll_utils.o
 .debug_aranges
                0x0000000000001000      0x1d8 ./Middlewares/Third_Party/FreeRTOS/Source/CMSIS_RTOS/cmsis_os.o
 .debug_aranges
                0x00000000000011d8       0x40 ./Middlewares/Third_Party/FreeRTOS/Source/list.o
 .debug_aranges
                0x0000000000001218      0x108 ./Middlewares/Third_Party/FreeRTOS/Source/queue.o
 .debug_aranges
                0x0000000000001320      0x1a8 ./Middlewares/Third_Party/FreeRTOS/Source/tasks.o
 .debug_aranges
                0x00000000000014c8       0x80 ./Middlewares/Third_Party/FreeRTOS/Source/portable/GCC/ARM_CM7/r0p1/port.o
 .debug_aranges