stm32f7xx_ll_rcc.h:1994:26:LL_RCC_HSE_IsReady	4	static
stm32f7xx_ll_rcc.h:2012:22:LL_RCC_HSI_Enable	4	static
stm32f7xx_ll_rcc.h:2032:26:LL_RCC_HSI_IsReady	4	static
stm32f7xx_ll_rcc.h:2058:22:LL_RCC_HSI_SetCalibTrimming	16	static
stm32f7xx_ll_rcc.h:2156:26:LL_RCC_LSE_IsReady	4	static
stm32f7xx_ll_rcc.h:2194:26:LL_RCC_LSI_IsReady	4	static
stm32f7xx_ll_rcc.h:2229:26:LL_RCC_GetSysClkSource	4	static
stm32f7xx_ll_rcc.h:2300:26:LL_RCC_GetAHBPrescaler	4	static
stm32f7xx_ll_rcc.h:2315:26:LL_RCC_GetAPB1Prescaler	4	static
stm32f7xx_ll_rcc.h:2330:26:LL_RCC_GetAPB2Prescaler	4	static
stm32f7xx_ll_rcc.h:2666:26:LL_RCC_GetUSARTClockSource	16	static
stm32f7xx_ll_rcc.h:2700:26:LL_RCC_GetUARTClockSource	16	static
stm32f7xx_ll_rcc.h:2732:26:LL_RCC_GetI2CClockSource	16	static
stm32f7xx_ll_rcc.h:2748:26:LL_RCC_GetLPTIMClockSource	16	static
stm32f7xx_ll_rcc.h:2772:26:LL_RCC_GetSAIClockSource	16	static
stm32f7xx_ll_rcc.h:2792:26:LL_RCC_GetSDMMCClockSource	16	static
stm32f7xx_ll_rcc.h:2806:26:LL_RCC_GetCK48MClockSource	16	static
stm32f7xx_ll_rcc.h:2820:26:LL_RCC_GetRNGClockSource	16	static
stm32f7xx_ll_rcc.h:2834:26:LL_RCC_GetUSBClockSource	16	static
stm32f7xx_ll_rcc.h:2849:26:LL_RCC_GetCECClockSource	16	static
stm32f7xx_ll_rcc.h:2864:26:LL_RCC_GetI2SClockSource	16	static
stm32f7xx_ll_rcc.h:2879:26:LL_RCC_GetDFSDMAudioClockSource	16	static
stm32f7xx_ll_rcc.h:2893:26:LL_RCC_GetDFSDMClockSource	16	static
stm32f7xx_ll_rcc.h:3155:26:LL_RCC_PLL_IsReady	4	static
stm32f7xx_ll_rcc.h:3463:26:LL_RCC_PLL_GetMainSource	4	static
stm32f7xx_ll_rcc.h:3473:26:LL_RCC_PLL_GetN	4	static
stm32f7xx_ll_rcc.h:3487:26:LL_RCC_PLL_GetP	4	static
stm32f7xx_ll_rcc.h:3512:26:LL_RCC_PLL_GetQ	4	static
stm32f7xx_ll_rcc.h:3603:26:LL_RCC_PLL_GetDivider	4	static
stm32f7xx_ll_rcc.h:3713:26:LL_RCC_PLLI2S_IsReady	4	static
stm32f7xx_ll_rcc.h:4042:26:LL_RCC_PLLI2S_GetN	4	static
stm32f7xx_ll_rcc.h:4066:26:LL_RCC_PLLI2S_GetQ	4	static
stm32f7xx_ll_rcc.h:4083:26:LL_RCC_PLLI2S_GetR	4	static
stm32f7xx_ll_rcc.h:4099:26:LL_RCC_PLLI2S_GetP	4	static
stm32f7xx_ll_rcc.h:4143:26:LL_RCC_PLLI2S_GetDIVQ	4	static
stm32f7xx_ll_rcc.h:4181:26:LL_RCC_PLLSAI_IsReady	4	static
stm32f7xx_ll_rcc.h:4517:26:LL_RCC_PLLSAI_GetN	4	static
stm32f7xx_ll_rcc.h:4541:26:LL_RCC_PLLSAI_GetQ	4	static
stm32f7xx_ll_rcc.h:4559:26:LL_RCC_PLLSAI_GetR	4	static
stm32f7xx_ll_rcc.h:4575:26:LL_RCC_PLLSAI_GetP	4	static
stm32f7xx_ll_rcc.h:4618:26:LL_RCC_PLLSAI_GetDIVQ	4	static
stm32f7xx_ll_rcc.h:4634:26:LL_RCC_PLLSAI_GetDIVR	4	static
stm32f7xx_ll_rcc.c:164:13:LL_RCC_DeInit	16	static
stm32f7xx_ll_rcc.c:259:6:LL_RCC_GetSystemClocksFreq	16	static
stm32f7xx_ll_rcc.c:284:10:LL_RCC_GetUSARTClockFreq	24	static
stm32f7xx_ll_rcc.c:423:10:LL_RCC_GetUARTClockFreq	24	static
stm32f7xx_ll_rcc.c:564:10:LL_RCC_GetI2CClockFreq	24	static
stm32f7xx_ll_rcc.c:675:10:LL_RCC_GetI2SClockFreq	24	static
stm32f7xx_ll_rcc.c:711:10:LL_RCC_GetLPTIMClockFreq	24	static
stm32f7xx_ll_rcc.c:762:10:LL_RCC_GetSAIClockFreq	24	static
stm32f7xx_ll_rcc.c:882:10:LL_RCC_GetSDMMCClockFreq	24	static
stm32f7xx_ll_rcc.c:964:10:LL_RCC_GetRNGClockFreq	24	static
stm32f7xx_ll_rcc.c:1001:10:LL_RCC_GetCECClockFreq	24	static
stm32f7xx_ll_rcc.c:1037:10:LL_RCC_GetUSBClockFreq	24	static
stm32f7xx_ll_rcc.c:1073:10:LL_RCC_GetDFSDMClockFreq	24	static
stm32f7xx_ll_rcc.c:1103:10:LL_RCC_GetDFSDMAudioClockFreq	24	static
stm32f7xx_ll_rcc.c:1171:10:LL_RCC_GetLTDCClockFreq	24	static
stm32f7xx_ll_rcc.c:1195:10:LL_RCC_GetSPDIFRXClockFreq	24	static
stm32f7xx_ll_rcc.c:1227:10:RCC_GetSystemClockFreq	16	static
stm32f7xx_ll_rcc.c:1259:10:RCC_GetHCLKClockFreq	16	static
stm32f7xx_ll_rcc.c:1270:10:RCC_GetPCLK1ClockFreq	16	static
stm32f7xx_ll_rcc.c:1281:10:RCC_GetPCLK2ClockFreq	16	static
stm32f7xx_ll_rcc.c:1291:10:RCC_PLL_GetFreqDomain_SYS	24	static
stm32f7xx_ll_rcc.c:1322:10:RCC_PLL_GetFreqDomain_48M	24	static
stm32f7xx_ll_rcc.c:1383:10:RCC_PLLSAI_GetFreqDomain_SAI	24	static
stm32f7xx_ll_rcc.c:1414:10:RCC_PLLSAI_GetFreqDomain_48M	24	static
stm32f7xx_ll_rcc.c:1446:10:RCC_PLLSAI_GetFreqDomain_LTDC	24	static
stm32f7xx_ll_rcc.c:1478:10:RCC_PLLI2S_GetFreqDomain_SAI	24	static
stm32f7xx_ll_rcc.c:1510:10:RCC_PLLI2S_GetFreqDomain_SPDIFRX	24	static
stm32f7xx_ll_rcc.c:1543:10:RCC_PLLI2S_GetFreqDomain_I2S	24	static
